Archive member included to satisfy reference by file (symbol)

/home/arduino/ArduinoApps/sensor-integration/.cache/sketch/core/core.a(abi.cpp.o)
                              (__cxa_allocate_exception)
/home/arduino/ArduinoApps/sensor-integration/.cache/sketch/core/core.a(Print.cpp.o)
                              /home/arduino/ArduinoApps/sensor-integration/.cache/sketch/sketch/sketch.ino.cpp.o (arduino::Print::print(char const*))
/home/arduino/ArduinoApps/sensor-integration/.cache/sketch/core/core.a(Stream.cpp.o)
                              /home/arduino/ArduinoApps/sensor-integration/.cache/sketch/sketch/sketch.ino.cpp.o (arduino::Stream::setTimeout(unsigned long))
/home/arduino/ArduinoApps/sensor-integration/.cache/sketch/core/core.a(String.cpp.o)
                              /home/arduino/ArduinoApps/sensor-integration/.cache/sketch/sketch/sketch.ino.cpp.o (arduino::String::String(arduino::String&&))
/home/arduino/ArduinoApps/sensor-integration/.cache/sketch/core/core.a(itoa.cpp.o)
                              /home/arduino/ArduinoApps/sensor-integration/.cache/sketch/core/core.a(String.cpp.o) (dtostrf)
/home/arduino/ArduinoApps/sensor-integration/.cache/sketch/core/core.a(llext_wrappers.c.o)
                              /home/arduino/ArduinoApps/sensor-integration/.cache/sketch/sketch/sketch.ino.cpp.o (memcpy)
/home/arduino/ArduinoApps/sensor-integration/.cache/sketch/core/core.a(main.cpp.o)
                              (main)
/home/arduino/ArduinoApps/sensor-integration/.cache/sketch/core/core.a(new.cpp.o)
                              /home/arduino/ArduinoApps/sensor-integration/.cache/sketch/sketch/sketch.ino.cpp.o (operator new(unsigned int))
/home/arduino/ArduinoApps/sensor-integration/.cache/sketch/core/core.a(threads.cpp.o)
                              /home/arduino/ArduinoApps/sensor-integration/.cache/sketch/core/core.a(main.cpp.o) (start_static_threads())
/home/arduino/ArduinoApps/sensor-integration/.cache/sketch/core/core.a(zephyrCommon.cpp.o)
                              /home/arduino/ArduinoApps/sensor-integration/.cache/sketch/core/core.a(Stream.cpp.o) (millis)
/home/arduino/ArduinoApps/sensor-integration/.cache/sketch/core/core.a(zephyrSerial.cpp.o)
                              /home/arduino/ArduinoApps/sensor-integration/.cache/sketch/sketch/sketch.ino.cpp.o (arduino::ZephyrSerial::read())
/home/arduino/ArduinoApps/sensor-integration/.cache/sketch/core/core.a(zephyrPinctrl.cpp.o)
                              /home/arduino/ArduinoApps/sensor-integration/.cache/sketch/core/core.a(zephyrSerial.cpp.o) (zephyr::arduino::init_dev_apply_pinctrl(device const*))
/home/arduino/.arduino15/packages/zephyr/tools/arm-zephyr-eabi/1.0.1/bin/../lib/gcc/arm-zephyr-eabi/14.3.0/../../../../arm-zephyr-eabi/lib/thumb/v8-m.main+fp/hard/libstdc++.a(functexcept.o)
                              /home/arduino/ArduinoApps/sensor-integration/.cache/sketch/sketch/sketch.ino.cpp.o (std::__throw_bad_alloc())
/home/arduino/.arduino15/packages/zephyr/tools/arm-zephyr-eabi/1.0.1/bin/../lib/gcc/arm-zephyr-eabi/14.3.0/../../../../arm-zephyr-eabi/lib/thumb/v8-m.main+fp/hard/libstdc++.a(bad_alloc.o)
                              /home/arduino/.arduino15/packages/zephyr/tools/arm-zephyr-eabi/1.0.1/bin/../lib/gcc/arm-zephyr-eabi/14.3.0/../../../../arm-zephyr-eabi/lib/thumb/v8-m.main+fp/hard/libstdc++.a(functexcept.o) (vtable for std::bad_alloc)
/home/arduino/.arduino15/packages/zephyr/tools/arm-zephyr-eabi/1.0.1/bin/../lib/gcc/arm-zephyr-eabi/14.3.0/../../../../arm-zephyr-eabi/lib/thumb/v8-m.main+fp/hard/libstdc++.a(bad_array_new.o)
                              /home/arduino/.arduino15/packages/zephyr/tools/arm-zephyr-eabi/1.0.1/bin/../lib/gcc/arm-zephyr-eabi/14.3.0/../../../../arm-zephyr-eabi/lib/thumb/v8-m.main+fp/hard/libstdc++.a(functexcept.o) (vtable for std::bad_array_new_length)
/home/arduino/.arduino15/packages/zephyr/tools/arm-zephyr-eabi/1.0.1/bin/../lib/gcc/arm-zephyr-eabi/14.3.0/../../../../arm-zephyr-eabi/lib/thumb/v8-m.main+fp/hard/libstdc++.a(bad_cast.o)
                              /home/arduino/.arduino15/packages/zephyr/tools/arm-zephyr-eabi/1.0.1/bin/../lib/gcc/arm-zephyr-eabi/14.3.0/../../../../arm-zephyr-eabi/lib/thumb/v8-m.main+fp/hard/libstdc++.a(functexcept.o) (vtable for std::bad_cast)
/home/arduino/.arduino15/packages/zephyr/tools/arm-zephyr-eabi/1.0.1/bin/../lib/gcc/arm-zephyr-eabi/14.3.0/../../../../arm-zephyr-eabi/lib/thumb/v8-m.main+fp/hard/libstdc++.a(bad_typeid.o)
                              /home/arduino/.arduino15/packages/zephyr/tools/arm-zephyr-eabi/1.0.1/bin/../lib/gcc/arm-zephyr-eabi/14.3.0/../../../../arm-zephyr-eabi/lib/thumb/v8-m.main+fp/hard/libstdc++.a(functexcept.o) (vtable for std::bad_typeid)
/home/arduino/.arduino15/packages/zephyr/tools/arm-zephyr-eabi/1.0.1/bin/../lib/gcc/arm-zephyr-eabi/14.3.0/../../../../arm-zephyr-eabi/lib/thumb/v8-m.main+fp/hard/libstdc++.a(eh_exception.o)
[...]
Memory Configuration

Name             Origin             Length             Attributes
*default*        0x00000000         0xffffffff

Linker script and memory map

LOAD /home/arduino/.arduino15/packages/zephyr/tools/arm-zephyr-eabi/1.0.1/bin/../lib/gcc/arm-zephyr-eabi/14.3.0/../../../../arm-zephyr-eabi/lib/thumb/v8-m.main+fp/hard/libnosys.a
LOAD /home/arduino/ArduinoApps/sensor-integration/.cache/sketch/sketch/sketch.ino.cpp.o
LOAD /home/arduino/ArduinoApps/sensor-integration/.cache/sketch/libraries/Arduino_RouterBridge/singletons.cpp.o
LOAD /home/arduino/ArduinoApps/sensor-integration/.cache/sketch/core/analogReference.cpp.o
LOAD /home/arduino/ArduinoApps/sensor-integration/.cache/sketch/core/tls-syms.S.o
START GROUP
LOAD /home/arduino/ArduinoApps/sensor-integration/.cache/sketch/core/core.a
LOAD /home/arduino/.arduino15/packages/zephyr/tools/arm-zephyr-eabi/1.0.1/bin/../lib/gcc/arm-zephyr-eabi/14.3.0/../../../../arm-zephyr-eabi/lib/thumb/v8-m.main+fp/hard/libstdc++.a
LOAD /home/arduino/.arduino15/packages/zephyr/tools/arm-zephyr-eabi/1.0.1/bin/../lib/gcc/arm-zephyr-eabi/14.3.0/../../../../arm-zephyr-eabi/lib/thumb/v8-m.main+fp/hard/libsupc++.a
LOAD /home/arduino/.arduino15/packages/zephyr/tools/arm-zephyr-eabi/1.0.1/bin/../lib/gcc/arm-zephyr-eabi/14.3.0/../../../../arm-zephyr-eabi/lib/thumb/v8-m.main+fp/hard/libm.a
LOAD /home/arduino/.arduino15/packages/zephyr/tools/arm-zephyr-eabi/1.0.1/bin/../lib/gcc/arm-zephyr-eabi/14.3.0/thumb/v8-m.main+fp/hard/libgcc.a
LOAD /home/arduino/.arduino15/packages/zephyr/tools/arm-zephyr-eabi/1.0.1/bin/../lib/gcc/arm-zephyr-eabi/14.3.0/../../../../arm-zephyr-eabi/lib/thumb/v8-m.main+fp/hard/libc.a
END GROUP

/DISCARD/
 *(.ARM.attributes)
 *(.ARM.attributes.*)
 *(.ARM.exidx)
 *(.ARM.exidx.*)
 *(.ARM.extidx)
 *(.ARM.extidx.*)
 *(.ARM.extab)
 *(.ARM.extab.*)
 *(.comment)
 *(.comment.*)
 *(.llvmbc)
 *(.llvmcmd)
 *(.eh_frame)

.text           0x00000000     0x6514
 *(.text)
 *(.stub)
 *(.text*)
 .text._ZN15SerialTransport9availableEv
                0x00000000       0x12 /home/arduino/ArduinoApps/sensor-integration/.cache/sketch/sketch/sketch.ino.cpp.o
                0x00000000                SerialTransport::available()
 .text._ZN15SerialTransport5writeEPKhj
                0x00000012       0x10 /home/arduino/ArduinoApps/sensor-integration/.cache/sketch/sketch/sketch.ino.cpp.o
                0x00000012                SerialTransport::write(unsigned char const*, unsigned int)
 .text._ZN15SerialTransportD2Ev
                0x00000022        0x2 /home/arduino/ArduinoApps/sensor-integration/.cache/sketch/sketch/sketch.ino.cpp.o
                0x00000022                SerialTransport::~SerialTransport()
                0x00000022                SerialTransport::~SerialTransport()
 .text.k_yield  0x00000024        0x8 /home/arduino/ArduinoApps/sensor-integration/.cache/sketch/sketch/sketch.ino.cpp.o
 .text.k_mutex_lock
                0x0000002c        0x8 /home/arduino/ArduinoApps/sensor-integration/.cache/sketch/sketch/sketch.ino.cpp.o
 .text.__tcf_0  0x00000034       0x10 /home/arduino/ArduinoApps/sensor-integration/.cache/sketch/sketch/sketch.ino.cpp.o
 .text._ZN15SerialTransport4readEPhj
                0x00000044       0x28 /home/arduino/ArduinoApps/sensor-integration/.cache/sketch/sketch/sketch.ino.cpp.o
                0x00000044                SerialTransport::read(unsigned char*, unsigned int)
 .text._ZN15SerialTransport9read_byteERh
                0x0000006c       0x20 /home/arduino/ArduinoApps/sensor-integration/.cache/sketch/sketch/sketch.ino.cpp.o
                0x0000006c                SerialTransport::read_byte(unsigned char&)
 .text._ZN15SerialTransportD0Ev
                0x0000008c       0x14 /home/arduino/ArduinoApps/sensor-integration/.cache/sketch/sketch/sketch.ino.cpp.o
                0x0000008c                SerialTransport::~SerialTransport()
 .text._ZNSt12_Vector_baseIhSaIhEE11_M_allocateEj.isra.0
                0x000000a0       0x20 /home/arduino/ArduinoApps/sensor-integration/.cache/sketch/sketch/sketch.ino.cpp.o
 .text.k_mutex_unlock.isra.0
                0x000000c0        0x8 /home/arduino/ArduinoApps/sensor-integration/.cache/sketch/sketch/sketch.ino.cpp.o
 .text.k_mutex_init.isra.0
                0x000000c8        0x8 /home/arduino/ArduinoApps/sensor-integration/.cache/sketch/sketch/sketch.ino.cpp.o
 .text.k_msleep.constprop.0.isra.0
                0x000000d0        0xc /home/arduino/ArduinoApps/sensor-integration/.cache/sketch/sketch/sketch.ino.cpp.o
 .text._ZN7arduino7msgpack8Unpacker11deserializeEv
                0x000000dc       0x16 /home/arduino/ArduinoApps/sensor-integration/.cache/sketch/sketch/sketch.ino.cpp.o
                0x000000dc                arduino::msgpack::Unpacker::deserialize()
 .text._ZNK7arduino7msgpack8Unpacker13getRawBytePtrEjj
                0x000000f2       0x1e /home/arduino/ArduinoApps/sensor-integration/.cache/sketch/sketch/sketch.ino.cpp.o
                0x000000f2                arduino::msgpack::Unpacker::getRawBytePtr(unsigned int, unsigned int) const
 .text._ZN8RpcErrorC2Ev
                0x00000110       0x2c /home/arduino/ArduinoApps/sensor-integration/.cache/sketch/sketch/sketch.ino.cpp.o
                0x00000110                RpcError::RpcError()
                0x00000110                RpcError::RpcError()
 .text._ZN17RpcDecoderManager10getDecoderER10ITransport
                0x0000013c       0x7c /home/arduino/ArduinoApps/sensor-integration/.cache/sketch/sketch/sketch.ino.cpp.o
                0x0000013c                RpcDecoderManager::getDecoder(ITransport&)
 .text._ZN17RpcDecoderManager11getInstanceEv
                0x000001b8       0x30 /home/arduino/ArduinoApps/sensor-integration/.cache/sketch/sketch/sketch.ino.cpp.o
                0x000001b8                RpcDecoderManager::getInstance()
 .text._ZN11BridgeClass10is_startedEv
                0x000001e8       0x2c /home/arduino/ArduinoApps/sensor-integration/.cache/sketch/sketch/sketch.ino.cpp.o
                0x000001e8                BridgeClass::is_started()
 .text._Z16parseReportFramePhi
                0x00000214       0x90 /home/arduino/ArduinoApps/sensor-integration/.cache/sketch/sketch/sketch.ino.cpp.o
                0x00000214                parseReportFrame(unsigned char*, int)
 .text._ZNSt12_Vector_baseIhSaIhEED2Ev
                0x000002a4       0x18 /home/arduino/ArduinoApps/sensor-integration/.cache/sketch/sketch/sketch.ino.cpp.o
                0x000002a4                std::_Vector_base<unsigned char, std::allocator<unsigned char> >::~_Vector_base()
                0x000002a4                std::_Vector_base<unsigned char, std::allocator<unsigned char> >::~_Vector_base()
 .text.__tcf_2  0x000002bc       0x14 /home/arduino/ArduinoApps/sensor-integration/.cache/sketch/sketch/sketch.ino.cpp.o
 .text.__tcf_1  0x000002d0       0x14 /home/arduino/ArduinoApps/sensor-integration/.cache/sketch/sketch/sketch.ino.cpp.o
 .text._ZNK7arduino7msgpack8Unpacker11getRawBytesIhEET_jj
                0x000002e4       0x1e /home/arduino/ArduinoApps/sensor-integration/.cache/sketch/sketch/sketch.ino.cpp.o
                0x000002e4                unsigned char arduino::msgpack::Unpacker::getRawBytes<unsigned char>(unsigned int, unsigned int) const
 *fill*         0x00000302        0x2 
 .text._ZNK7arduino7msgpack8Unpacker7getTypeEj
                0x00000304       0x54 /home/arduino/ArduinoApps/sensor-integration/.cache/sketch/sketch/sketch.ino.cpp.o
                0x00000304                arduino::msgpack::Unpacker::getType(unsigned int) const
 .text._ZNK7arduino7msgpack8Unpacker7getTypeEv
                0x00000358       0x10 /home/arduino/ArduinoApps/sensor-integration/.cache/sketch/sketch/sketch.ino.cpp.o
                0x00000358                arduino::msgpack::Unpacker::getType() const
 .text._ZN7arduino7msgpack8Unpacker11unpackInt32Ev
                0x00000368       0x58 /home/arduino/ArduinoApps/sensor-integration/.cache/sketch/sketch/sketch.ino.cpp.o
                0x00000368                arduino::msgpack::Unpacker::unpackInt32()
 .text._ZN7arduino7msgpack8Unpacker11unpackInt64Ev
                0x000003c0       0x60 /home/arduino/ArduinoApps/sensor-integration/.cache/sketch/sketch/sketch.ino.cpp.o
                0x000003c0                arduino::msgpack::Unpacker::unpackInt64()
 .text._ZN7arduino7msgpack8Unpacker9unpackNilEv
                0x00000420       0x3c /home/arduino/ArduinoApps/sensor-integration/.cache/sketch/sketch/sketch.ino.cpp.o
                0x00000420                arduino::msgpack::Unpacker::unpackNil()
 .text._ZNK7arduino7msgpack8Unpacker7isArrayEv
                0x0000045c       0x20 /home/arduino/ArduinoApps/sensor-integration/.cache/sketch/sketch/sketch.ino.cpp.o
                0x0000045c                arduino::msgpack::Unpacker::isArray() const
 .text._ZNK7arduino7msgpack8Unpacker5isMapEv
                0x0000047c       0x20 /home/arduino/ArduinoApps/sensor-integration/.cache/sketch/sketch/sketch.ino.cpp.o
                0x0000047c                arduino::msgpack::Unpacker::isMap() const
 .text._ZN7arduino7msgpack8Unpacker11unpackInt16Ev
                0x0000049c       0x54 /home/arduino/ArduinoApps/sensor-integration/.cache/sketch/sketch/sketch.ino.cpp.o
                0x0000049c                arduino::msgpack::Unpacker::unpackInt16()
 .text._ZN7arduino7msgpack8Unpacker13unpackFloat32Ev
                0x000004f0       0x60 /home/arduino/ArduinoApps/sensor-integration/.cache/sketch/sketch/sketch.ino.cpp.o
                0x000004f0                arduino::msgpack::Unpacker::unpackFloat32()
 .text._ZN7arduino7msgpack8Unpacker13unpackFloat64Ev
                0x00000550       0x6c /home/arduino/ArduinoApps/sensor-integration/.cache/sketch/sketch/sketch.ino.cpp.o
                0x00000550                arduino::msgpack::Unpacker::unpackFloat64()
 .text._ZN7arduino7msgpack8Unpacker10unpackInt5Ev
                0x000005bc       0x4c /home/arduino/ArduinoApps/sensor-integration/.cache/sketch/sketch/sketch.ino.cpp.o
                0x000005bc                arduino::msgpack::Unpacker::unpackInt5()
 .text._ZN7arduino7msgpack8Unpacker11unpackUInt7Ev
                0x00000608       0x48 /home/arduino/ArduinoApps/sensor-integration/.cache/sketch/sketch/sketch.ino.cpp.o
                0x00000608                arduino::msgpack::Unpacker::unpackUInt7()
 .text._ZN7arduino7msgpack8Unpacker11unpackUInt8Ev
                0x00000650       0x48 /home/arduino/ArduinoApps/sensor-integration/.cache/sketch/sketch/sketch.ino.cpp.o
                0x00000650                arduino::msgpack::Unpacker::unpackUInt8()
 .text._ZNK7arduino7msgpack8Unpacker11getRawBytesItEET_jj
                0x00000698       0x2e /home/arduino/ArduinoApps/sensor-integration/.cache/sketch/sketch/sketch.ino.cpp.o
                0x00000698                unsigned short arduino::msgpack::Unpacker::getRawBytes<unsigned short>(unsigned int, unsigned int) const
 *fill*         0x000006c6        0x2 
 .text._ZN7arduino7msgpack8Unpacker12unpackUInt16Ev
                0x000006c8       0x48 /home/arduino/ArduinoApps/sensor-integration/.cache/sketch/sketch/sketch.ino.cpp.o
                0x000006c8                arduino::msgpack::Unpacker::unpackUInt16()
 .text._ZNK7arduino7msgpack8Unpacker11getRawBytesIjEET_jj
                0x00000710       0x34 /home/arduino/ArduinoApps/sensor-integration/.cache/sketch/sketch/sketch.ino.cpp.o
                0x00000710                unsigned int arduino::msgpack::Unpacker::getRawBytes<unsigned int>(unsigned int, unsigned int) const
 .text._ZNK7arduino7msgpack8Unpacker14getElementSizeEj
                0x00000744      0x114 /home/arduino/ArduinoApps/sensor-integration/.cache/sketch/sketch/sketch.ino.cpp.o
                0x00000744                arduino::msgpack::Unpacker::getElementSize(unsigned int) const
 .text._ZN7arduino7msgpack8Unpacker15unpackArraySizeEv
                0x00000858       0x78 /home/arduino/ArduinoApps/sensor-integration/.cache/sketch/sketch/sketch.ino.cpp.o
                0x00000858                arduino::msgpack::Unpacker::unpackArraySize()
 .text._ZN7arduino7msgpack8Unpacker12unpackUInt32Ev
                0x000008d0       0x48 /home/arduino/ArduinoApps/sensor-integration/.cache/sketch/sketch/sketch.ino.cpp.o
                0x000008d0                arduino::msgpack::Unpacker::unpackUInt32()
 .text._ZN7arduino7msgpack8Unpacker13unpackMapSizeEv
                0x00000918       0x78 /home/arduino/ArduinoApps/sensor-integration/.cache/sketch/sketch/sketch.ino.cpp.o
                0x00000918                arduino::msgpack::Unpacker::unpackMapSize()
 .text._ZNK7arduino7msgpack8Unpacker11getRawBytesIyEET_jj
                0x00000990       0x3a /home/arduino/ArduinoApps/sensor-integration/.cache/sketch/sketch/sketch.ino.cpp.o
                0x00000990                unsigned long long arduino::msgpack::Unpacker::getRawBytes<unsigned long long>(unsigned int, unsigned int) const
 *fill*         0x000009ca        0x2 
 .text._ZN7arduino7msgpack8Unpacker12unpackUInt64Ev
                0x000009cc       0x4c /home/arduino/ArduinoApps/sensor-integration/.cache/sketch/sketch/sketch.ino.cpp.o
                0x000009cc                arduino::msgpack::Unpacker::unpackUInt64()
 .text._ZNK7arduino7msgpack8Unpacker11getRawBytesIaEET_jj
                0x00000a18       0x20 /home/arduino/ArduinoApps/sensor-integration/.cache/sketch/sketch/sketch.ino.cpp.o
                0x00000a18                signed char arduino::msgpack::Unpacker::getRawBytes<signed char>(unsigned int, unsigned int) const
 .text._ZN7arduino7msgpack8Unpacker10unpackInt8Ev
                0x00000a38       0x48 /home/arduino/ArduinoApps/sensor-integration/.cache/sketch/sketch/sketch.ino.cpp.o
                0x00000a38                arduino::msgpack::Unpacker::unpackInt8()
 .text._ZNK7arduino7msgpack8Unpacker13isTimestamp32Ev
                0x00000a80       0x2c /home/arduino/ArduinoApps/sensor-integration/.cache/sketch/sketch/sketch.ino.cpp.o
                0x00000a80                arduino::msgpack::Unpacker::isTimestamp32() const
 .text._ZNK7arduino7msgpack8Unpacker13isTimestamp64Ev
                0x00000aac       0x2c /home/arduino/ArduinoApps/sensor-integration/.cache/sketch/sketch/sketch.ino.cpp.o
                0x00000aac                arduino::msgpack::Unpacker::isTimestamp64() const
 .text._ZNK7arduino7msgpack8Unpacker13isTimestamp96Ev
                0x00000ad8       0x40 /home/arduino/ArduinoApps/sensor-integration/.cache/sketch/sketch/sketch.ino.cpp.o
                0x00000ad8                arduino::msgpack::Unpacker::isTimestamp96() const
 .text._ZNK7arduino7msgpack8Unpacker11getRawBytesIcEET_jj
                0x00000b18       0x1e /home/arduino/ArduinoApps/sensor-integration/.cache/sketch/sketch/sketch.ino.cpp.o
                0x00000b18                char arduino::msgpack::Unpacker::getRawBytes<char>(unsigned int, unsigned int) const
 *fill*         0x00000b36        0x2 
 .text._ZN7arduino7msgpack8Unpacker11deserializeINS0_4type9ArraySizeEJEEEbRT_DpOT0_
                0x00000b38       0x40 /home/arduino/ArduinoApps/sensor-integration/.cache/sketch/sketch/sketch.ino.cpp.o
                0x00000b38                bool arduino::msgpack::Unpacker::deserialize<arduino::msgpack::type::ArraySize>(arduino::msgpack::type::ArraySize&)
 .text._ZN7arduino7msgpack8Unpacker11deserializeINS0_6object5nil_tEJEEEbRT_DpOT0_
                0x00000b78       0x40 /home/arduino/ArduinoApps/sensor-integration/.cache/sketch/sketch/sketch.ino.cpp.o
                0x00000b78                bool arduino::msgpack::Unpacker::deserialize<arduino::msgpack::object::nil_t>(arduino::msgpack::object::nil_t&)
 .text._ZN7arduino7msgpack8Unpacker11deserializeIbJEEEbRT_DpOT0_
                0x00000bb8       0x68 /home/arduino/ArduinoApps/sensor-integration/.cache/sketch/sketch/sketch.ino.cpp.o
                0x00000bb8                bool arduino::msgpack::Unpacker::deserialize<bool>(bool&)
 .text._ZN7arduino7msgpack8Unpacker11deserializeINS_6StringEJEEEbRT_DpOT0_
                0x00000c20      0x174 /home/arduino/ArduinoApps/sensor-integration/.cache/sketch/sketch/sketch.ino.cpp.o
                0x00000c20                bool arduino::msgpack::Unpacker::deserialize<arduino::String>(arduino::String&)
 .text._ZN7arduino7msgpack8Unpacker11deserializeINS0_6object8timespecEJEEEbRT_DpOT0_
                0x00000d94       0xc4 /home/arduino/ArduinoApps/sensor-integration/.cache/sketch/sketch/sketch.ino.cpp.o
                0x00000d94                bool arduino::msgpack::Unpacker::deserialize<arduino::msgpack::object::timespec>(arduino::msgpack::object::timespec&)
 .text._ZNSt12_Vector_baseIjSaIjEED2Ev
                0x00000e58       0x18 /home/arduino/ArduinoApps/sensor-integration/.cache/sketch/sketch/sketch.ino.cpp.o
                0x00000e58                std::_Vector_base<unsigned int, std::allocator<unsigned int> >::~_Vector_base()
                0x00000e58                std::_Vector_base<unsigned int, std::allocator<unsigned int> >::~_Vector_base()
 .text._ZN10RPCRequestILj256EED2Ev
                0x00000e70       0x2c /home/arduino/ArduinoApps/sensor-integration/.cache/sketch/sketch/sketch.ino.cpp.o
                0x00000e70                RPCRequest<256u>::~RPCRequest()
                0x00000e70                RPCRequest<256u>::~RPCRequest()
 .text._ZNSt6vectorIjSaIjEE17_M_realloc_appendIJRjEEEvDpOT_
                0x00000e9c       0x98 /home/arduino/ArduinoApps/sensor-integration/.cache/sketch/sketch/sketch.ino.cpp.o
                0x00000e9c                void std::vector<unsigned int, std::allocator<unsigned int> >::_M_realloc_append<unsigned int&>(unsigned int&)
 .text._ZN7arduino7msgpack8Unpacker4feedEPKhj
                0x00000f34       0x78 /home/arduino/ArduinoApps/sensor-integration/.cache/sketch/sketch/sketch.ino.cpp.o
                0x00000f34                arduino::msgpack::Unpacker::feed(unsigned char const*, unsigned int)
 .text._ZN7RpcCallIJEE8setErrorEiN7arduino6StringE
                0x00000fac       0x40 /home/arduino/ArduinoApps/sensor-integration/.cache/sketch/sketch/sketch.ino.cpp.o
                0x00000fac                RpcCall<>::setError(int, arduino::String)
 .text._ZN7RpcCallIJEEC2ERKN7arduino6StringEP9RPCClientP7k_mutexS8_
                0x00000fec       0x7c /home/arduino/ArduinoApps/sensor-integration/.cache/sketch/sketch/sketch.ino.cpp.o
                0x00000fec                RpcCall<>::RpcCall(arduino::String const&, RPCClient*, k_mutex*, k_mutex*)
                0x00000fec                RpcCall<>::RpcCall(arduino::String const&, RPCClient*, k_mutex*, k_mutex*)
 .text._ZN7RpcCallIJEE6resultIbEEbRT_.part.0
                0x00001068       0x34 /home/arduino/ArduinoApps/sensor-integration/.cache/sketch/sketch/sketch.ino.cpp.o
 .text._ZN7RpcCallIJEE7isErrorEv
                0x0000109c       0x34 /home/arduino/ArduinoApps/sensor-integration/.cache/sketch/sketch/sketch.ino.cpp.o
                0x0000109c                RpcCall<>::isError()
 .text._ZNKSt6vectorIhSaIhEE12_M_check_lenEjPKc
                0x000010d0       0x38 /home/arduino/ArduinoApps/sensor-integration/.cache/sketch/sketch/sketch.ino.cpp.o
                0x000010d0                std::vector<unsigned char, std::allocator<unsigned char> >::_M_check_len(unsigned int, char const*) const
 .text._ZNSt6vectorIhSaIhEE12emplace_backIJhEEERhDpOT_.isra.0
                0x00001108       0x8c /home/arduino/ArduinoApps/sensor-integration/.cache/sketch/sketch/sketch.ino.cpp.o
 .text._ZN7arduino7msgpack6Packer11packRawByteERKNS0_4TypeE.isra.0
                0x00001194       0x18 /home/arduino/ArduinoApps/sensor-integration/.cache/sketch/sketch/sketch.ino.cpp.o
 .text._ZNSt6vectorIhSaIhEE12emplace_backIJRKhEEERhDpOT_.isra.0
                0x000011ac       0x8c /home/arduino/ArduinoApps/sensor-integration/.cache/sketch/sketch/sketch.ino.cpp.o
 .text._ZN7arduino7msgpack6Packer9packUInt8Eh
                0x00001238       0x2c /home/arduino/ArduinoApps/sensor-integration/.cache/sketch/sketch/sketch.ino.cpp.o
                0x00001238                arduino::msgpack::Packer::packUInt8(unsigned char)
 .text._ZNSt6vectorIhSaIhEE12emplace_backIJRhEEES3_DpOT_.isra.0
                0x00001264       0x8c /home/arduino/ArduinoApps/sensor-integration/.cache/sketch/sketch/sketch.ino.cpp.o
 .text._ZN7arduino7msgpack6Packer15packRawReversedIjEEvRKT_
                0x000012f0       0x1c /home/arduino/ArduinoApps/sensor-integration/.cache/sketch/sketch/sketch.ino.cpp.o
                0x000012f0                void arduino::msgpack::Packer::packRawReversed<unsigned int>(unsigned int const&)
 .text._ZN7arduino7msgpack6Packer10packUInt32Ej
                0x0000130c       0x28 /home/arduino/ArduinoApps/sensor-integration/.cache/sketch/sketch/sketch.ino.cpp.o
                0x0000130c                arduino::msgpack::Packer::packUInt32(unsigned int)
 .text._ZN7arduino7msgpack6Packer15packRawReversedItEEvRKT_
                0x00001334       0x1c /home/arduino/ArduinoApps/sensor-integration/.cache/sketch/sketch/sketch.ino.cpp.o
                0x00001334                void arduino::msgpack::Packer::packRawReversed<unsigned short>(unsigned short const&)
 .text._ZN7arduino7msgpack6Packer13packArraySizeEj
                0x00001350       0x58 /home/arduino/ArduinoApps/sensor-integration/.cache/sketch/sketch/sketch.ino.cpp.o
                0x00001350                arduino::msgpack::Packer::packArraySize(unsigned int)
 .text._ZN7arduino7msgpack6Packer10packUInt16Et
                0x000013a8       0x2c /home/arduino/ArduinoApps/sensor-integration/.cache/sketch/sketch/sketch.ino.cpp.o
                0x000013a8                arduino::msgpack::Packer::packUInt16(unsigned short)
 .text._ZN7arduino7msgpack6Packer11packIntegerIjEENSt9enable_ifIXaaaaaasrSt13is_arithmeticIT_E5valuesrSt11is_integralIS5_E5valuentsrSt7is_sameIS5_bE5valuentsrS9_INSt9remove_cvIS5_E4typeEPcE5valueEvE4typeERKS5_.isra.0
                0x000013d4       0x50 /home/arduino/ArduinoApps/sensor-integration/.cache/sketch/sketch/sketch.ino.cpp.o
 .text._ZN7arduino7msgpack6Packer11packIntegerIiEENSt9enable_ifIXaaaaaasrSt13is_arithmeticIT_E5valuesrSt11is_integralIS5_E5valuentsrSt7is_sameIS5_bE5valuentsrS9_INSt9remove_cvIS5_E4typeEPcE5valueEvE4typeERKS5_.isra.0
                0x00001424       0xc4 /home/arduino/ArduinoApps/sensor-integration/.cache/sketch/sketch/sketch.ino.cpp.o
 .text._ZN7arduino7msgpack6Packer12packRawBytesEPKcj
                0x000014e8       0xa0 /home/arduino/ArduinoApps/sensor-integration/.cache/sketch/sketch/sketch.ino.cpp.o
                0x000014e8                arduino::msgpack::Packer::packRawBytes(char const*, unsigned int)
 .text._ZN7arduino7msgpack6Packer4packERKNS_6StringE
                0x00001588       0x7c /home/arduino/ArduinoApps/sensor-integration/.cache/sketch/sketch/sketch.ino.cpp.o
                0x00001588                arduino::msgpack::Packer::pack(arduino::String const&)
 .text._ZN7arduino7msgpack8Unpacker9unpackIntIiEENSt9enable_ifIXaaaaaaaasrSt13is_arithmeticIT_E5valuesrSt11is_integralIS5_E5valuentsrSt7is_sameIS5_bE5valuentsrS9_INSt9remove_cvIS5_E4typeEPcE5valuesrSt9is_signedIS5_E5valueES5_E4typeEv
                0x00001604       0xd0 /home/arduino/ArduinoApps/sensor-integration/.cache/sketch/sketch/sketch.ino.cpp.o
                0x00001604                std::enable_if<(((std::is_arithmetic<int>::value&&std::is_integral<int>::value)&&(!std::is_same<int, bool>::value))&&(!std::is_same<std::remove_cv<int>::type, char*>::value))&&std::is_signed<int>::value, int>::type arduino::msgpack::Unpacker::unpackInt<int>()
 .text._ZN7arduino7msgpack8Unpacker11deserializeIiJEEEbRT_DpOT0_
                0x000016d4       0x40 /home/arduino/ArduinoApps/sensor-integration/.cache/sketch/sketch/sketch.ino.cpp.o
                0x000016d4                bool arduino::msgpack::Unpacker::deserialize<int>(int&)
 .text._ZN7arduino7msgpack8Unpacker11unpackFloatIfEENSt9enable_ifIXaasrSt13is_arithmeticIT_E5valuesrSt17is_floating_pointIS5_E5valueES5_E4typeEv
                0x00001714      0x118 /home/arduino/ArduinoApps/sensor-integration/.cache/sketch/sketch/sketch.ino.cpp.o
                0x00001714                std::enable_if<std::is_arithmetic<float>::value&&std::is_floating_point<float>::value, float>::type arduino::msgpack::Unpacker::unpackFloat<float>()
 *fill*         0x0000182c        0x4 
 .text._ZN7arduino7msgpack8Unpacker11unpackFloatIdEENSt9enable_ifIXaasrSt13is_arithmeticIT_E5valuesrSt17is_floating_pointIS5_E5valueES5_E4typeEv
                0x00001830      0x118 /home/arduino/ArduinoApps/sensor-integration/.cache/sketch/sketch/sketch.ino.cpp.o
                0x00001830                std::enable_if<std::is_arithmetic<double>::value&&std::is_floating_point<double>::value, double>::type arduino::msgpack::Unpacker::unpackFloat<double>()
 .text._ZN7arduino7msgpack8Unpacker11deserializeINS0_4type9ArraySizeEJRiEEEbRT_DpOT0_
                0x00001948       0x44 /home/arduino/ArduinoApps/sensor-integration/.cache/sketch/sketch/sketch.ino.cpp.o
                0x00001948                bool arduino::msgpack::Unpacker::deserialize<arduino::msgpack::type::ArraySize, int&>(arduino::msgpack::type::ArraySize&, int&)
 .text._ZNK10RpcDecoderILj1024EE4sendEPKhj
                0x0000198c       0x22 /home/arduino/ArduinoApps/sensor-integration/.cache/sketch/sketch/sketch.ino.cpp.o
                0x0000198c                RpcDecoder<1024u>::send(unsigned char const*, unsigned int) const
 *fill*         0x000019ae        0x2 
 .text._ZN9RPCClient8send_rpcIJEEEbRKN7arduino6StringERjDpOT_.isra.0
                0x000019b0       0x8c /home/arduino/ArduinoApps/sensor-integration/.cache/sketch/sketch/sketch.ino.cpp.o
 .text._ZN11BridgeClass6notifyIJiEEEvN7arduino6StringEDpOT_
                0x00001a3c       0xac /home/arduino/ArduinoApps/sensor-integration/.cache/sketch/sketch/sketch.ino.cpp.o
                0x00001a3c                void BridgeClass::notify<int>(arduino::String, int&&)
 .text._ZNK9RPCServer13send_responseILj256EEEbRK10RPCRequestIXT_EE.isra.0
                0x00001ae8       0x24 /home/arduino/ArduinoApps/sensor-integration/.cache/sketch/sketch/sketch.ino.cpp.o
 .text._ZN10RpcDecoderILj1024EE7consumeEjj
                0x00001b0c       0x50 /home/arduino/ArduinoApps/sensor-integration/.cache/sketch/sketch/sketch.ino.cpp.o
                0x00001b0c                RpcDecoder<1024u>::consume(unsigned int, unsigned int)
 .text._ZN10RpcDecoderILj1024EE7discardEv
                0x00001b5c       0x2c /home/arduino/ArduinoApps/sensor-integration/.cache/sketch/sketch/sketch.ino.cpp.o
                0x00001b5c                RpcDecoder<1024u>::discard()
 .text._ZN7arduino7msgpack8Unpacker11deserializeI8RpcErrorJRNS0_6object5nil_tEEEEbRT_DpOT0_
                0x00001b88       0x90 /home/arduino/ArduinoApps/sensor-integration/.cache/sketch/sketch/sketch.ino.cpp.o
                0x00001b88                bool arduino::msgpack::Unpacker::deserialize<RpcError, arduino::msgpack::object::nil_t&>(RpcError&, arduino::msgpack::object::nil_t&)
 .text._ZN7arduino7msgpack8Unpacker10unpackUIntIjEENSt9enable_ifIXaaaaaaaasrSt13is_arithmeticIT_E5valuesrSt11is_integralIS5_E5valuentsrSt7is_sameIS5_bE5valuentsrS9_INSt9remove_cvIS5_E4typeEPcE5valuentsrSt9is_signedIS5_E5valueES5_E4typeEv
                0x00001c18       0x80 /home/arduino/ArduinoApps/sensor-integration/.cache/sketch/sketch/sketch.ino.cpp.o
                0x00001c18                std::enable_if<(((std::is_arithmetic<unsigned int>::value&&std::is_integral<unsigned int>::value)&&(!std::is_same<unsigned int, bool>::value))&&(!std::is_same<std::remove_cv<unsigned int>::type, char*>::value))&&(!std::is_signed<unsigned int>::value), unsigned int>::type arduino::msgpack::Unpacker::unpackUInt<unsigned int>()
 .text._ZN7arduino7msgpack8Unpacker11deserializeIjJRNS_6StringEEEEbRT_DpOT0_
                0x00001c98       0x44 /home/arduino/ArduinoApps/sensor-integration/.cache/sketch/sketch/sketch.ino.cpp.o
                0x00001c98                bool arduino::msgpack::Unpacker::deserialize<unsigned int, arduino::String&>(unsigned int&, arduino::String&)
 .text._ZN10RpcDecoderILj1024EE16fetch_rpc_methodEv
                0x00001cdc       0xd8 /home/arduino/ArduinoApps/sensor-integration/.cache/sketch/sketch/sketch.ino.cpp.o
                0x00001cdc                RpcDecoder<1024u>::fetch_rpc_method()
 .text._ZN10RPCRequestILj256EE22unpack_request_headersEv
                0x00001db4       0xc0 /home/arduino/ArduinoApps/sensor-integration/.cache/sketch/sketch/sketch.ino.cpp.o
                0x00001db4                RPCRequest<256u>::unpack_request_headers()
 .text._ZN9RPCServer15process_requestILj256EEEvR10RPCRequestIXT_EE
                0x00001e74      0x144 /home/arduino/ArduinoApps/sensor-integration/.cache/sketch/sketch/sketch.ino.cpp.o
                0x00001e74                void RPCServer::process_request<256u>(RPCRequest<256u>&)
 .text._ZN7arduino7msgpack8Unpacker11deserializeINS0_4type9ArraySizeEJRiRjEEEbRT_DpOT0_
                0x00001fb8       0xa0 /home/arduino/ArduinoApps/sensor-integration/.cache/sketch/sketch/sketch.ino.cpp.o
                0x00001fb8                bool arduino::msgpack::Unpacker::deserialize<arduino::msgpack::type::ArraySize, int&, unsigned int&>(arduino::msgpack::type::ArraySize&, int&, unsigned int&)
 .text._ZNSt11__copy_moveILb0ELb1ESt26random_access_iterator_tagE8__copy_mIKhhEEPT0_PT_S7_S5_
                0x00002058       0x28 /home/arduino/ArduinoApps/sensor-integration/.cache/sketch/sketch/sketch.ino.cpp.o
                0x00002058                unsigned char* std::__copy_move<false, true, std::random_access_iterator_tag>::__copy_m<unsigned char const, unsigned char>(unsigned char const*, unsigned char const*, unsigned char*)
 .text._ZNSt11__copy_moveILb1ELb1ESt26random_access_iterator_tagE8__copy_mIhhEEPT0_PT_S6_S4_
                0x00002080       0x28 /home/arduino/ArduinoApps/sensor-integration/.cache/sketch/sketch/sketch.ino.cpp.o
                0x00002080                unsigned char* std::__copy_move<true, true, std::random_access_iterator_tag>::__copy_m<unsigned char, unsigned char>(unsigned char*, unsigned char*, unsigned char*)
 .text._ZN7arduino7msgpack6object3extC2EaPKhj
                0x000020a8      0x120 /home/arduino/ArduinoApps/sensor-integration/.cache/sketch/sketch/sketch.ino.cpp.o
                0x000020a8                arduino::msgpack::object::ext::ext(signed char, unsigned char const*, unsigned int)
                0x000020a8                arduino::msgpack::object::ext::ext(signed char, unsigned char const*, unsigned int)
 .text._ZN7arduino7msgpack8Unpacker9unpackExtEv
                0x000021c8      0x178 /home/arduino/ArduinoApps/sensor-integration/.cache/sketch/sketch/sketch.ino.cpp.o
                0x000021c8                arduino::msgpack::Unpacker::unpackExt()
 .text._ZN8RpcUtils6detail12unpackObjectERN7arduino7msgpack8UnpackerE
                0x00002340      0x45c /home/arduino/ArduinoApps/sensor-integration/.cache/sketch/sketch/sketch.ino.cpp.o
                0x00002340                RpcUtils::detail::unpackObject(arduino::msgpack::Unpacker&)
 .text._ZN10RpcDecoderILj1024EE12parse_packetEv
                0x0000279c      0x13c /home/arduino/ArduinoApps/sensor-integration/.cache/sketch/sketch/sketch.ino.cpp.o
                0x0000279c                RpcDecoder<1024u>::parse_packet()
 .text._ZN10RpcDecoderILj1024EE6decodeEv
                0x000028d8       0x40 /home/arduino/ArduinoApps/sensor-integration/.cache/sketch/sketch/sketch.ino.cpp.o
                0x000028d8                RpcDecoder<1024u>::decode()
 .text._ZN9RPCServer7get_rpcILj256EEEbR10RPCRequestIXT_EEN7arduino6StringE
                0x00002918       0xd0 /home/arduino/ArduinoApps/sensor-integration/.cache/sketch/sketch/sketch.ino.cpp.o
                0x00002918                bool RPCServer::get_rpc<256u>(RPCRequest<256u>&, arduino::String)
 .text._ZN11BridgeClass11update_safeEv
                0x000029e8       0xf4 /home/arduino/ArduinoApps/sensor-integration/.cache/sketch/sketch/sketch.ino.cpp.o
                0x000029e8                BridgeClass::update_safe()
 .text._Z10__loopHookv
                0x00002adc       0x28 /home/arduino/ArduinoApps/sensor-integration/.cache/sketch/sketch/sketch.ino.cpp.o
                0x00002adc                __loopHook()
 .text._ZN11BridgeClass6updateEv
                0x00002b04       0xf0 /home/arduino/ArduinoApps/sensor-integration/.cache/sketch/sketch/sketch.ino.cpp.o
                0x00002b04                BridgeClass::update()
 .text._Z16updateEntryPointPvS_S_
                0x00002bf4       0x28 /home/arduino/ArduinoApps/sensor-integration/.cache/sketch/sketch/sketch.ino.cpp.o
                0x00002bf4                updateEntryPoint(void*, void*, void*)
 .text._ZN7RpcCallIJEE6resultIbEEbRT_
                0x00002c1c      0x290 /home/arduino/ArduinoApps/sensor-integration/.cache/sketch/sketch/sketch.ino.cpp.o
                0x00002c1c                bool RpcCall<>::result<bool>(bool&)
 .text._ZN7RpcCallIJEED2Ev
                0x00002eac      0x294 /home/arduino/ArduinoApps/sensor-integration/.cache/sketch/sketch/sketch.ino.cpp.o
                0x00002eac                RpcCall<>::~RpcCall()
                0x00002eac                RpcCall<>::~RpcCall()
 .text._ZN11BridgeClass5beginEm
                0x00003140      0x1e8 /home/arduino/ArduinoApps/sensor-integration/.cache/sketch/sketch/sketch.ino.cpp.o
                0x00003140                BridgeClass::begin(unsigned long)
 .text._ZN7RpcCallIJEE6resultIN7arduino6StringEEEbRT_
                0x00003328      0x290 /home/arduino/ArduinoApps/sensor-integration/.cache/sketch/sketch/sketch.ino.cpp.o
                0x00003328                bool RpcCall<>::result<arduino::String>(arduino::String&)
 .text._GLOBAL__sub_I__Z11sendCommandPKhj
                0x000035b8       0x28 /home/arduino/ArduinoApps/sensor-integration/.cache/sketch/sketch/sketch.ino.cpp.o
 .text._GLOBAL__sub_D__Z11sendCommandPKhj
                0x000035e0       0x20 /home/arduino/ArduinoApps/sensor-integration/.cache/sketch/sketch/sketch.ino.cpp.o
 .text._Z11sendCommandPKhj
                0x00003600       0x14 /home/arduino/ArduinoApps/sensor-integration/.cache/sketch/sketch/sketch.ino.cpp.o
                0x00003600                sendCommand(unsigned char const*, unsigned int)
 .text.loop     0x00003614       0xdc /home/arduino/ArduinoApps/sensor-integration/.cache/sketch/sketch/sketch.ino.cpp.o
                0x00003614                loop
 .text.setup    0x000036f0      0x20c /home/arduino/ArduinoApps/sensor-integration/.cache/sketch/sketch/sketch.ino.cpp.o
                0x000036f0                setup
 .text._ZN7arduino5Print17availableForWriteEv
                0x000038fc        0x4 /home/arduino/ArduinoApps/sensor-integration/.cache/sketch/libraries/Arduino_RouterBridge/singletons.cpp.o
                0x000038fc                arduino::Print::availableForWrite()
 .text._ZN7arduino5Print5flushEv
                0x00003900        0x2 /home/arduino/ArduinoApps/sensor-integration/.cache/sketch/libraries/Arduino_RouterBridge/singletons.cpp.o
                0x00003900                arduino::Print::flush()
 .text._ZN13BridgeMonitorILj512EE5writeEh
                0x00003902       0x18 /home/arduino/ArduinoApps/sensor-integration/.cache/sketch/libraries/Arduino_RouterBridge/singletons.cpp.o
                0x00003902                BridgeMonitor<512u>::write(unsigned char)
 *fill*         0x0000391a        0x2 
 .text.k_yield  0x0000391c        0x8 /home/arduino/ArduinoApps/sensor-integration/.cache/sketch/libraries/Arduino_RouterBridge/singletons.cpp.o
 .text.k_mutex_lock
                0x00003924        0x8 /home/arduino/ArduinoApps/sensor-integration/.cache/sketch/libraries/Arduino_RouterBridge/singletons.cpp.o
 .text._ZNSt12_Vector_baseIhSaIhEE11_M_allocateEj.isra.0
                0x0000392c       0x20 /home/arduino/ArduinoApps/sensor-integration/.cache/sketch/libraries/Arduino_RouterBridge/singletons.cpp.o
 .text.k_mutex_unlock.isra.0
                0x0000394c        0x8 /home/arduino/ArduinoApps/sensor-integration/.cache/sketch/libraries/Arduino_RouterBridge/singletons.cpp.o
 .text._ZN13BridgeMonitorILj512EE4readEv
                0x00003954       0x6c /home/arduino/ArduinoApps/sensor-integration/.cache/sketch/libraries/Arduino_RouterBridge/singletons.cpp.o
                0x00003954                BridgeMonitor<512u>::read()
 .text._ZN13BridgeMonitorILj512EE4peekEv
                0x000039c0       0x44 /home/arduino/ArduinoApps/sensor-integration/.cache/sketch/libraries/Arduino_RouterBridge/singletons.cpp.o
                0x000039c0                BridgeMonitor<512u>::peek()
 .text.k_msleep.constprop.0.isra.0
                0x00003a04        0xc /home/arduino/ArduinoApps/sensor-integration/.cache/sketch/libraries/Arduino_RouterBridge/singletons.cpp.o
 .text._ZNSt6vectorIhSaIhEE12emplace_backIJRKhEEERhDpOT_.isra.0
                0x00003a10       0x8c /home/arduino/ArduinoApps/sensor-integration/.cache/sketch/libraries/Arduino_RouterBridge/singletons.cpp.o
 .text._ZNSt6vectorIhSaIhEE12emplace_backIJhEEERhDpOT_.isra.0
                0x00003a9c       0x8c /home/arduino/ArduinoApps/sensor-integration/.cache/sketch/libraries/Arduino_RouterBridge/singletons.cpp.o
 .text._ZN7arduino7msgpack8Unpacker11deserializeISt6vectorIhSaIhEEJEEEbRT_DpOT0_
                0x00003b28      0x178 /home/arduino/ArduinoApps/sensor-integration/.cache/sketch/libraries/Arduino_RouterBridge/singletons.cpp.o
                0x00003b28                bool arduino::msgpack::Unpacker::deserialize<std::vector<unsigned char, std::allocator<unsigned char> >>(std::vector<unsigned char, std::allocator<unsigned char> >&)
 .text._ZN7arduino7msgpack6Packer11packRawByteERKNS0_4TypeE.isra.0
                0x00003ca0       0x18 /home/arduino/ArduinoApps/sensor-integration/.cache/sketch/libraries/Arduino_RouterBridge/singletons.cpp.o
 .text._ZNSt6vectorIhSaIhEE12emplace_backIJRhEEES3_DpOT_.isra.0
                0x00003cb8       0x8c /home/arduino/ArduinoApps/sensor-integration/.cache/sketch/libraries/Arduino_RouterBridge/singletons.cpp.o
 .text._ZN7arduino7msgpack6Packer11packIntegerIjEENSt9enable_ifIXaaaaaasrSt13is_arithmeticIT_E5valuesrSt11is_integralIS5_E5valuentsrSt7is_sameIS5_bE5valuentsrS9_INSt9remove_cvIS5_E4typeEPcE5valueEvE4typeERKS5_.isra.0
                0x00003d44       0x50 /home/arduino/ArduinoApps/sensor-integration/.cache/sketch/libraries/Arduino_RouterBridge/singletons.cpp.o
 .text._ZN7arduino7msgpack6Packer11packIntegerIiEENSt9enable_ifIXaaaaaasrSt13is_arithmeticIT_E5valuesrSt11is_integralIS5_E5valuentsrSt7is_sameIS5_bE5valuentsrS9_INSt9remove_cvIS5_E4typeEPcE5valueEvE4typeERKS5_.isra.0
                0x00003d94       0xc4 /home/arduino/ArduinoApps/sensor-integration/.cache/sketch/libraries/Arduino_RouterBridge/singletons.cpp.o
 .text._ZN7arduino7msgpack6Packer9serializeIJRKiRjRKNS_6StringEEEEvRKNS0_4type9ArraySizeEDpOT_.isra.0
                0x00003e58       0x38 /home/arduino/ArduinoApps/sensor-integration/.cache/sketch/libraries/Arduino_RouterBridge/singletons.cpp.o
 .text._ZN9RPCClient8send_rpcIJEEEbRKN7arduino6StringERjDpOT_.isra.0
                0x00003e90       0x78 /home/arduino/ArduinoApps/sensor-integration/.cache/sketch/libraries/Arduino_RouterBridge/singletons.cpp.o
 .text._ZN9RPCClient8send_rpcIJRKN7arduino6StringEEEEbS4_RjDpOT_.isra.0
                0x00003f08       0x88 /home/arduino/ArduinoApps/sensor-integration/.cache/sketch/libraries/Arduino_RouterBridge/singletons.cpp.o
 .text._ZN9RPCClient8send_rpcIJRKjEEEbRKN7arduino6StringERjDpOT_.isra.0
                0x00003f90       0x88 /home/arduino/ArduinoApps/sensor-integration/.cache/sketch/libraries/Arduino_RouterBridge/singletons.cpp.o
 .text._ZN7arduino7msgpack8Unpacker11deserializeIjJEEEbRT_DpOT0_
                0x00004018       0x40 /home/arduino/ArduinoApps/sensor-integration/.cache/sketch/libraries/Arduino_RouterBridge/singletons.cpp.o
                0x00004018                bool arduino::msgpack::Unpacker::deserialize<unsigned int>(unsigned int&)
 .text._ZN10RpcDecoderILj1024EE12get_responseIN7arduino7msgpack6object5nil_tEEEbjRT_R8RpcError
                0x00004058      0x17c /home/arduino/ArduinoApps/sensor-integration/.cache/sketch/libraries/Arduino_RouterBridge/singletons.cpp.o
                0x00004058                bool RpcDecoder<1024u>::get_response<arduino::msgpack::object::nil_t>(unsigned int, arduino::msgpack::object::nil_t&, RpcError&)
 .text._ZN9RPCClient12get_responseIN7arduino7msgpack6object5nil_tEEEbjRT_R8RpcError
                0x000041d4       0x40 /home/arduino/ArduinoApps/sensor-integration/.cache/sketch/libraries/Arduino_RouterBridge/singletons.cpp.o
                0x000041d4                bool RPCClient::get_response<arduino::msgpack::object::nil_t>(unsigned int, arduino::msgpack::object::nil_t&, RpcError&)
 .text._ZN13BridgeMonitorILj512EEcvbEv
                0x00004214      0x434 /home/arduino/ArduinoApps/sensor-integration/.cache/sketch/libraries/Arduino_RouterBridge/singletons.cpp.o
                0x00004214                BridgeMonitor<512u>::operator bool()
 .text._ZN11BridgeClass6notifyIJRN7arduino6StringEEEEvS2_DpOT_
                0x00004648       0xac /home/arduino/ArduinoApps/sensor-integration/.cache/sketch/libraries/Arduino_RouterBridge/singletons.cpp.o
                0x00004648                void BridgeClass::notify<arduino::String&>(arduino::String, arduino::String&)
 .text._ZN7RpcCallIJRN7arduino6StringEEE8setErrorEiS1_
                0x000046f4       0x40 /home/arduino/ArduinoApps/sensor-integration/.cache/sketch/libraries/Arduino_RouterBridge/singletons.cpp.o
                0x000046f4                RpcCall<arduino::String&>::setError(int, arduino::String)
 .text._ZN7RpcCallIJRN7arduino6StringEEED2Ev
                0x00004734      0x124 /home/arduino/ArduinoApps/sensor-integration/.cache/sketch/libraries/Arduino_RouterBridge/singletons.cpp.o
                0x00004734                RpcCall<arduino::String&>::~RpcCall()
                0x00004734                RpcCall<arduino::String&>::~RpcCall()
 .text._ZN13BridgeMonitorILj512EE5writeEPKhj
                0x00004858      0x390 /home/arduino/ArduinoApps/sensor-integration/.cache/sketch/libraries/Arduino_RouterBridge/singletons.cpp.o
                0x00004858                BridgeMonitor<512u>::write(unsigned char const*, unsigned int)
 .text._ZN7RpcCallIJRjEE8setErrorEiN7arduino6StringE
                0x00004be8       0x40 /home/arduino/ArduinoApps/sensor-integration/.cache/sketch/libraries/Arduino_RouterBridge/singletons.cpp.o
                0x00004be8                RpcCall<unsigned int&>::setError(int, arduino::String)
 .text._ZN7RpcCallIJRjEE7isErrorEv
                0x00004c28       0x34 /home/arduino/ArduinoApps/sensor-integration/.cache/sketch/libraries/Arduino_RouterBridge/singletons.cpp.o
                0x00004c28                RpcCall<unsigned int&>::isError()
 .text._ZN7RpcCallIJRjEE6resultISt6vectorIhSaIhEEEEbRT_
                0x00004c5c      0x2ac /home/arduino/ArduinoApps/sensor-integration/.cache/sketch/libraries/Arduino_RouterBridge/singletons.cpp.o
                0x00004c5c                bool RpcCall<unsigned int&>::result<std::vector<unsigned char, std::allocator<unsigned char> > >(std::vector<unsigned char, std::allocator<unsigned char> >&)
 .text._ZN7RpcCallIJRjEED2Ev
                0x00004f08      0x118 /home/arduino/ArduinoApps/sensor-integration/.cache/sketch/libraries/Arduino_RouterBridge/singletons.cpp.o
                0x00004f08                RpcCall<unsigned int&>::~RpcCall()
                0x00004f08                RpcCall<unsigned int&>::~RpcCall()
 .text._ZN13BridgeMonitorILj512EE5_readEj
                0x00005020      0x124 /home/arduino/ArduinoApps/sensor-integration/.cache/sketch/libraries/Arduino_RouterBridge/singletons.cpp.o
                0x00005020                BridgeMonitor<512u>::_read(unsigned int)
 .text._ZN13BridgeMonitorILj512EE9availableEv
                0x00005144       0x44 /home/arduino/ArduinoApps/sensor-integration/.cache/sketch/libraries/Arduino_RouterBridge/singletons.cpp.o
                0x00005144                BridgeMonitor<512u>::available()
 .text._GLOBAL__sub_I_Bridge
                0x00005188       0xbc /home/arduino/ArduinoApps/sensor-integration/.cache/sketch/libraries/Arduino_RouterBridge/singletons.cpp.o
 .text._GLOBAL__sub_D_Bridge
                0x00005244       0x20 /home/arduino/ArduinoApps/sensor-integration/.cache/sketch/libraries/Arduino_RouterBridge/singletons.cpp.o
 .text.__cxa_atexit
                0x00005264        0x4 /home/arduino/ArduinoApps/sensor-integration/.cache/sketch/core/core.a(abi.cpp.o)
                0x00005264                __cxa_atexit
 .text.__cxa_allocate_exception
                0x00005268        0xc /home/arduino/ArduinoApps/sensor-integration/.cache/sketch/core/core.a(abi.cpp.o)
                0x00005268                __cxa_allocate_exception
 .text.__cxa_free_exception
                0x00005274        0x2 /home/arduino/ArduinoApps/sensor-integration/.cache/sketch/core/core.a(abi.cpp.o)
                0x00005274                __cxa_free_exception
 *fill*         0x00005276        0x2 
 .text.__cxa_throw
                0x00005278        0xc /home/arduino/ArduinoApps/sensor-integration/.cache/sketch/core/core.a(abi.cpp.o)
                0x00005278                __cxa_throw
 .text.__cxa_end_cleanup
                0x00005284        0xc /home/arduino/ArduinoApps/sensor-integration/.cache/sketch/core/core.a(abi.cpp.o)
                0x00005284                __cxa_end_cleanup
 .text.__gxx_personality_v0
                0x00005290        0xc /home/arduino/ArduinoApps/sensor-integration/.cache/sketch/core/core.a(abi.cpp.o)
                0x00005290                __gxx_personality_v0
 .text.__aeabi_unwind_cpp_pr0
                0x0000529c        0xc /home/arduino/ArduinoApps/sensor-integration/.cache/sketch/core/core.a(abi.cpp.o)
                0x0000529c                __aeabi_unwind_cpp_pr0
 .text.__aeabi_unwind_cpp_pr1
                0x000052a8        0xc /home/arduino/ArduinoApps/sensor-integration/.cache/sketch/core/core.a(abi.cpp.o)
                0x000052a8                __aeabi_unwind_cpp_pr1
 .text._ZN7arduino5Print5writeEPKc
                0x000052b4       0x24 /home/arduino/ArduinoApps/sensor-integration/.cache/sketch/core/core.a(Print.cpp.o)
                0x000052b4                arduino::Print::write(char const*)
 .text._ZN7arduino5Print5printEPKc
                0x000052d8        0xc /home/arduino/ArduinoApps/sensor-integration/.cache/sketch/core/core.a(Print.cpp.o)
                0x000052d8                arduino::Print::print(char const*)
 .text._ZN7arduino5Print5printEc
                0x000052e4        0x6 /home/arduino/ArduinoApps/sensor-integration/.cache/sketch/core/core.a(Print.cpp.o)
                0x000052e4                arduino::Print::print(char)
 *fill*         0x000052ea        0x2 
 .text._ZN7arduino5Print7printlnEv
                0x000052ec       0x14 /home/arduino/ArduinoApps/sensor-integration/.cache/sketch/core/core.a(Print.cpp.o)
                0x000052ec                arduino::Print::println()
 .text._ZN7arduino5Print7printlnEPKNS_19__FlashStringHelperE
                0x00005300       0x1c /home/arduino/ArduinoApps/sensor-integration/.cache/sketch/core/core.a(Print.cpp.o)
                0x00005300                arduino::Print::println(arduino::__FlashStringHelper const*)
 .text._ZN7arduino5Print7printlnEPKc
                0x0000531c        0x8 /home/arduino/ArduinoApps/sensor-integration/.cache/sketch/core/core.a(Print.cpp.o)
                0x0000531c                arduino::Print::println(char const*)
 .text._ZN7arduino5Print11printNumberEmh
                0x00005324       0x40 /home/arduino/ArduinoApps/sensor-integration/.cache/sketch/core/core.a(Print.cpp.o)
                0x00005324                arduino::Print::printNumber(unsigned long, unsigned char)
 .text._ZN7arduino5Print5printEli
                0x00005364       0x50 /home/arduino/ArduinoApps/sensor-integration/.cache/sketch/core/core.a(Print.cpp.o)
                0x00005364                arduino::Print::print(long, int)
 .text._ZN7arduino5Print5printEii
                0x000053b4        0x8 /home/arduino/ArduinoApps/sensor-integration/.cache/sketch/core/core.a(Print.cpp.o)
                0x000053b4                arduino::Print::print(int, int)
 .text._ZN7arduino5Print7printlnEli
                0x000053bc       0x1c /home/arduino/ArduinoApps/sensor-integration/.cache/sketch/core/core.a(Print.cpp.o)
                0x000053bc                arduino::Print::println(long, int)
 .text._ZN7arduino6Stream9timedReadEv
                0x000053d8       0x2c /home/arduino/ArduinoApps/sensor-integration/.cache/sketch/core/core.a(Stream.cpp.o)
                0x000053d8                arduino::Stream::timedRead()
 .text._ZN7arduino6Stream10setTimeoutEm
                0x00005404        0x4 /home/arduino/ArduinoApps/sensor-integration/.cache/sketch/core/core.a(Stream.cpp.o)
                0x00005404                arduino::Stream::setTimeout(unsigned long)
 .text._ZN7arduino6Stream9readBytesEPcj
                0x00005408       0x2c /home/arduino/ArduinoApps/sensor-integration/.cache/sketch/core/core.a(Stream.cpp.o)
                0x00005408                arduino::Stream::readBytes(char*, unsigned int)
 .text._ZN7arduino6StringC2EOS0_
                0x00005434       0x16 /home/arduino/ArduinoApps/sensor-integration/.cache/sketch/core/core.a(String.cpp.o)
                0x00005434                arduino::String::String(arduino::String&&)
                0x00005434                arduino::String::String(arduino::String&&)
 *fill*         0x0000544a        0x2 
 .text._ZN7arduino6StringD2Ev
                0x0000544c       0x14 /home/arduino/ArduinoApps/sensor-integration/.cache/sketch/core/core.a(String.cpp.o)
                0x0000544c                arduino::String::~String()
                0x0000544c                arduino::String::~String()
 .text._ZN7arduino6String10invalidateEv
                0x00005460       0x1c /home/arduino/ArduinoApps/sensor-integration/.cache/sketch/core/core.a(String.cpp.o)
                0x00005460                arduino::String::invalidate()
 .text._ZN7arduino6String12changeBufferEj
                0x0000547c       0x1c /home/arduino/ArduinoApps/sensor-integration/.cache/sketch/core/core.a(String.cpp.o)
                0x0000547c                arduino::String::changeBuffer(unsigned int)
 .text._ZN7arduino6String7reserveEj
                0x00005498       0x28 /home/arduino/ArduinoApps/sensor-integration/.cache/sketch/core/core.a(String.cpp.o)
                0x00005498                arduino::String::reserve(unsigned int)
 .text._ZN7arduino6String4copyEPKcj
                0x000054c0       0x3c /home/arduino/ArduinoApps/sensor-integration/.cache/sketch/core/core.a(String.cpp.o)
                0x000054c0                arduino::String::copy(char const*, unsigned int)
 .text._ZN7arduino6StringC2EPKc
                0x000054fc       0x2c /home/arduino/ArduinoApps/sensor-integration/.cache/sketch/core/core.a(String.cpp.o)
                0x000054fc                arduino::String::String(char const*)
                0x000054fc                arduino::String::String(char const*)
 .text._ZN7arduino6String4moveERS0_
                0x00005528       0x2c /home/arduino/ArduinoApps/sensor-integration/.cache/sketch/core/core.a(String.cpp.o)
                0x00005528                arduino::String::move(arduino::String&)
 .text._ZN7arduino6StringaSERKS0_
                0x00005554       0x28 /home/arduino/ArduinoApps/sensor-integration/.cache/sketch/core/core.a(String.cpp.o)
                0x00005554                arduino::String::operator=(arduino::String const&)
 .text._ZN7arduino6StringC2ERKS0_
                0x0000557c       0x18 /home/arduino/ArduinoApps/sensor-integration/.cache/sketch/core/core.a(String.cpp.o)
                0x0000557c                arduino::String::String(arduino::String const&)
                0x0000557c                arduino::String::String(arduino::String const&)
 .text._ZN7arduino6StringaSEOS0_
                0x00005594       0x10 /home/arduino/ArduinoApps/sensor-integration/.cache/sketch/core/core.a(String.cpp.o)
                0x00005594                arduino::String::operator=(arduino::String&&)
 .text._ZN7arduino6StringaSEPKc
                0x000055a4       0x30 /home/arduino/ArduinoApps/sensor-integration/.cache/sketch/core/core.a(String.cpp.o)
                0x000055a4                arduino::String::operator=(char const*)
 .text._ZN7arduino6String6concatEPKcj
                0x000055d4       0x40 /home/arduino/ArduinoApps/sensor-integration/.cache/sketch/core/core.a(String.cpp.o)
                0x000055d4                arduino::String::concat(char const*, unsigned int)
 .text._ZN7arduino6String6concatEc
                0x00005614       0x1c /home/arduino/ArduinoApps/sensor-integration/.cache/sketch/core/core.a(String.cpp.o)
                0x00005614                arduino::String::concat(char)
 .text._ZNK7arduino6String9compareToERKS0_
                0x00005630       0x30 /home/arduino/ArduinoApps/sensor-integration/.cache/sketch/core/core.a(String.cpp.o)
                0x00005630                arduino::String::compareTo(arduino::String const&) const
 .text._ZNK7arduino6String6equalsERKS0_
                0x00005660       0x20 /home/arduino/ArduinoApps/sensor-integration/.cache/sketch/core/core.a(String.cpp.o)
                0x00005660                arduino::String::equals(arduino::String const&) const
 .text._ZNK7arduino6String6equalsEPKc
                0x00005680       0x28 /home/arduino/ArduinoApps/sensor-integration/.cache/sketch/core/core.a(String.cpp.o)
                0x00005680                arduino::String::equals(char const*) const
 .text.memcpy   0x000056a8        0x8 /home/arduino/ArduinoApps/sensor-integration/.cache/sketch/core/core.a(llext_wrappers.c.o)
                0x000056a8                memcpy
 .text.memmove  0x000056b0        0x8 /home/arduino/ArduinoApps/sensor-integration/.cache/sketch/core/core.a(llext_wrappers.c.o)
                0x000056b0                memmove
 .text.strlen   0x000056b8        0x8 /home/arduino/ArduinoApps/sensor-integration/.cache/sketch/core/core.a(llext_wrappers.c.o)
                0x000056b8                strlen
 .text.strcmp   0x000056c0        0x8 /home/arduino/ArduinoApps/sensor-integration/.cache/sketch/core/core.a(llext_wrappers.c.o)
                0x000056c0                strcmp
 .text.memset   0x000056c8        0x8 /home/arduino/ArduinoApps/sensor-integration/.cache/sketch/core/core.a(llext_wrappers.c.o)
                0x000056c8                memset
 .text.__xpg_strerror_r
                0x000056d0        0x8 /home/arduino/ArduinoApps/sensor-integration/.cache/sketch/core/core.a(llext_wrappers.c.o)
                0x000056d0                __xpg_strerror_r
 .text.malloc   0x000056d8        0x8 /home/arduino/ArduinoApps/sensor-integration/.cache/sketch/core/core.a(llext_wrappers.c.o)
                0x000056d8                malloc
 .text.realloc  0x000056e0        0x8 /home/arduino/ArduinoApps/sensor-integration/.cache/sketch/core/core.a(llext_wrappers.c.o)
                0x000056e0                realloc
 .text.free     0x000056e8        0x8 /home/arduino/ArduinoApps/sensor-integration/.cache/sketch/core/core.a(llext_wrappers.c.o)
                0x000056e8                free
 .text.__aeabi_i2d
                0x000056f0        0xa /home/arduino/ArduinoApps/sensor-integration/.cache/sketch/core/core.a(llext_wrappers.c.o)
                0x000056f0                __aeabi_i2d
 .text.__aeabi_ui2d
                0x000056fa        0xa /home/arduino/ArduinoApps/sensor-integration/.cache/sketch/core/core.a(llext_wrappers.c.o)
                0x000056fa                __aeabi_ui2d
 .text.__aeabi_l2d
                0x00005704        0xa /home/arduino/ArduinoApps/sensor-integration/.cache/sketch/core/core.a(llext_wrappers.c.o)
                0x00005704                __aeabi_l2d
 .text.__aeabi_ul2d
                0x0000570e        0xa /home/arduino/ArduinoApps/sensor-integration/.cache/sketch/core/core.a(llext_wrappers.c.o)
                0x0000570e                __aeabi_ul2d
 .text.__aeabi_d2f
                0x00005718        0xa /home/arduino/ArduinoApps/sensor-integration/.cache/sketch/core/core.a(llext_wrappers.c.o)
                0x00005718                __aeabi_d2f
 .text.__aeabi_f2d
                0x00005722        0xa /home/arduino/ArduinoApps/sensor-integration/.cache/sketch/core/core.a(llext_wrappers.c.o)
                0x00005722                __aeabi_f2d
 .text.__aeabi_l2f
                0x0000572c        0xa /home/arduino/ArduinoApps/sensor-integration/.cache/sketch/core/core.a(llext_wrappers.c.o)
                0x0000572c                __aeabi_l2f
 .text.__aeabi_ul2f
                0x00005736        0xa /home/arduino/ArduinoApps/sensor-integration/.cache/sketch/core/core.a(llext_wrappers.c.o)
                0x00005736                __aeabi_ul2f
 .text.__aeabi_uldivmod
                0x00005740        0xa /home/arduino/ArduinoApps/sensor-integration/.cache/sketch/core/core.a(llext_wrappers.c.o)
                0x00005740                __aeabi_uldivmod
 *fill*         0x0000574a        0x2 
 .text.atexit   0x0000574c        0x8 /home/arduino/ArduinoApps/sensor-integration/.cache/sketch/core/core.a(llext_wrappers.c.o)
                0x0000574c                atexit
 .text.abort    0x00005754        0xc /home/arduino/ArduinoApps/sensor-integration/.cache/sketch/core/core.a(llext_wrappers.c.o)
                0x00005754                abort
 .text.initVariant
                0x00005760        0x2 /home/arduino/ArduinoApps/sensor-integration/.cache/sketch/core/core.a(main.cpp.o)
                0x00005760                initVariant
 *fill*         0x00005762        0x2 
 .text.main     0x00005764       0x2c /home/arduino/ArduinoApps/sensor-integration/.cache/sketch/core/core.a(main.cpp.o)
                0x00005764                main
 .text._ZL10new_helperj
                0x00005790       0x10 /home/arduino/ArduinoApps/sensor-integration/.cache/sketch/core/core.a(new.cpp.o)
 .text._Znwj    0x000057a0        0x8 /home/arduino/ArduinoApps/sensor-integration/.cache/sketch/core/core.a(new.cpp.o)
                0x000057a0                operator new(unsigned int)
 .text._ZnwjPv  0x000057a8        0x4 /home/arduino/ArduinoApps/sensor-integration/.cache/sketch/core/core.a(new.cpp.o)
                0x000057a8                operator new(unsigned int, void*)
 .text._ZdlPv   0x000057ac        0x8 /home/arduino/ArduinoApps/sensor-integration/.cache/sketch/core/core.a(new.cpp.o)
                0x000057ac                operator delete(void*)
 .text._ZdlPvj  0x000057b4        0x8 /home/arduino/ArduinoApps/sensor-integration/.cache/sketch/core/core.a(new.cpp.o)
                0x000057b4                operator delete(void*, unsigned int)
 .text._Z20start_static_threadsv
                0x000057bc       0x6c /home/arduino/ArduinoApps/sensor-integration/.cache/sketch/core/core.a(threads.cpp.o)
                0x000057bc                start_static_threads()
 .text.yield    0x00005828        0x8 /home/arduino/ArduinoApps/sensor-integration/.cache/sketch/core/core.a(zephyrCommon.cpp.o)
                0x00005828                yield
 .text.millis   0x00005830       0x18 /home/arduino/ArduinoApps/sensor-integration/.cache/sketch/core/core.a(zephyrCommon.cpp.o)
                0x00005830                millis
 .text.z_impl_uart_irq_tx_enable
                0x00005848        0xa /home/arduino/ArduinoApps/sensor-integration/.cache/sketch/core/core.a(zephyrSerial.cpp.o)
 .text._ZN7arduino12ZephyrSerial5beginEm
                0x00005852        0xa /home/arduino/ArduinoApps/sensor-integration/.cache/sketch/core/core.a(zephyrSerial.cpp.o)
                0x00005852                arduino::ZephyrSerial::begin(unsigned long)
 .text._ZN7arduino12ZephyrSerial5writeEh
                0x0000585c       0x18 /home/arduino/ArduinoApps/sensor-integration/.cache/sketch/core/core.a(zephyrSerial.cpp.o)
                0x0000585c                arduino::ZephyrSerial::write(unsigned char)
 .text._ZN7arduino12ZephyrSerialcvbEv
                0x00005874        0x4 /home/arduino/ArduinoApps/sensor-integration/.cache/sketch/core/core.a(zephyrSerial.cpp.o)
                0x00005874                arduino::ZephyrSerial::operator bool()
 .text.k_sem_give
                0x00005878        0x8 /home/arduino/ArduinoApps/sensor-integration/.cache/sketch/core/core.a(zephyrSerial.cpp.o)
 .text.k_sem_take.isra.0
                0x00005880        0x8 /home/arduino/ArduinoApps/sensor-integration/.cache/sketch/core/core.a(zephyrSerial.cpp.o)
 .text._ZN7arduino12ZephyrSerial4readEv
                0x00005888       0x48 /home/arduino/ArduinoApps/sensor-integration/.cache/sketch/core/core.a(zephyrSerial.cpp.o)
                0x00005888                arduino::ZephyrSerial::read()
 .text._ZN7arduino12ZephyrSerial4peekEv
                0x000058d0       0x48 /home/arduino/ArduinoApps/sensor-integration/.cache/sketch/core/core.a(zephyrSerial.cpp.o)
                0x000058d0                arduino::ZephyrSerial::peek()
 .text._ZN7arduino12ZephyrSerial17availableForWriteEv
                0x00005918       0x34 /home/arduino/ArduinoApps/sensor-integration/.cache/sketch/core/core.a(zephyrSerial.cpp.o)
                0x00005918                arduino::ZephyrSerial::availableForWrite()
 .text._ZN7arduino12ZephyrSerial9availableEv
                0x0000594c       0x34 /home/arduino/ArduinoApps/sensor-integration/.cache/sketch/core/core.a(zephyrSerial.cpp.o)
                0x0000594c                arduino::ZephyrSerial::available()
 .text._ZN7arduino12ZephyrSerial5beginEmt
                0x00005980       0xc8 /home/arduino/ArduinoApps/sensor-integration/.cache/sketch/core/core.a(zephyrSerial.cpp.o)
                0x00005980                arduino::ZephyrSerial::begin(unsigned long, unsigned short)
 .text._ZN7arduino12ZephyrSerial3endEv
                0x00005a48        0xc /home/arduino/ArduinoApps/sensor-integration/.cache/sketch/core/core.a(zephyrSerial.cpp.o)
                0x00005a48                arduino::ZephyrSerial::end()
 .text._ZN7arduino12ZephyrSerial5flushEv
                0x00005a54       0x2c /home/arduino/ArduinoApps/sensor-integration/.cache/sketch/core/core.a(zephyrSerial.cpp.o)
                0x00005a54                arduino::ZephyrSerial::flush()
 .text._ZN7arduino12ZephyrSerial5writeEPKhj
                0x00005a80       0x70 /home/arduino/ArduinoApps/sensor-integration/.cache/sketch/core/core.a(zephyrSerial.cpp.o)
                0x00005a80                arduino::ZephyrSerial::write(unsigned char const*, unsigned int)
 .text._ZN7arduino12ZephyrSerial10IrqHandlerEv
                0x00005af0       0xe8 /home/arduino/ArduinoApps/sensor-integration/.cache/sketch/core/core.a(zephyrSerial.cpp.o)
                0x00005af0                arduino::ZephyrSerial::IrqHandler()
 .text._ZN7arduino12ZephyrSerial11IrqDispatchEPK6devicePv
                0x00005bd8        0xc /home/arduino/ArduinoApps/sensor-integration/.cache/sketch/core/core.a(zephyrSerial.cpp.o)
                0x00005bd8                arduino::ZephyrSerial::IrqDispatch(device const*, void*)
 .text._ZN7arduino12ZephyrSerial18ZephyrSerialBufferILi1024EEC2Ev
                0x00005be4       0x2c /home/arduino/ArduinoApps/sensor-integration/.cache/sketch/core/core.a(zephyrSerial.cpp.o)
                0x00005be4                arduino::ZephyrSerial::ZephyrSerialBuffer<1024>::ZephyrSerialBuffer()
                0x00005be4                arduino::ZephyrSerial::ZephyrSerialBuffer<1024>::ZephyrSerialBuffer()
 .text._GLOBAL__sub_I__ZN7arduino12ZephyrSerial5beginEmt
                0x00005c10       0x7c /home/arduino/ArduinoApps/sensor-integration/.cache/sketch/core/core.a(zephyrSerial.cpp.o)
 .text._ZN6zephyr7arduinoL29init_device_with_dependenciesEPK6device
                0x00005c8c       0xd4 /home/arduino/ArduinoApps/sensor-integration/.cache/sketch/core/core.a(zephyrPinctrl.cpp.o)
 .text._ZN6zephyr7arduino22init_dev_apply_pinctrlEPK6device
                0x00005d60       0x10 /home/arduino/ArduinoApps/sensor-integration/.cache/sketch/core/core.a(zephyrPinctrl.cpp.o)
                0x00005d60                zephyr::arduino::init_dev_apply_pinctrl(device const*)
 .text.unlikely._ZSt17__throw_bad_allocv
                0x00005d70       0x20 /home/arduino/.arduino15/packages/zephyr/tools/arm-zephyr-eabi/1.0.1/bin/../lib/gcc/arm-zephyr-eabi/14.3.0/../../../../arm-zephyr-eabi/lib/thumb/v8-m.main+fp/hard/libstdc++.a(functexcept.o)
                0x00005d70                std::__throw_bad_alloc()
 .text.unlikely._ZSt19__throw_logic_errorPKc
                0x00005d90       0x30 /home/arduino/.arduino15/packages/zephyr/tools/arm-zephyr-eabi/1.0.1/bin/../lib/gcc/arm-zephyr-eabi/14.3.0/../../../../arm-zephyr-eabi/lib/thumb/v8-m.main+fp/hard/libstdc++.a(functexcept.o)
                0x00005d90                std::__throw_logic_error(char const*)
 .text.unlikely._ZSt20__throw_length_errorPKc
                0x00005dc0       0x30 /home/arduino/.arduino15/packages/zephyr/tools/arm-zephyr-eabi/1.0.1/bin/../lib/gcc/arm-zephyr-eabi/14.3.0/../../../../arm-zephyr-eabi/lib/thumb/v8-m.main+fp/hard/libstdc++.a(functexcept.o)
                0x00005dc0                std::__throw_length_error(char const*)
 .text._ZNKSt9bad_alloc4whatEv
                0x00005df0        0x8 /home/arduino/.arduino15/packages/zephyr/tools/arm-zephyr-eabi/1.0.1/bin/../lib/gcc/arm-zephyr-eabi/14.3.0/../../../../arm-zephyr-eabi/lib/thumb/v8-m.main+fp/hard/libstdc++.a(bad_alloc.o)
                0x00005df0                std::bad_alloc::what() const
 .text._ZNSt9bad_allocD2Ev
                0x00005df8       0x14 /home/arduino/.arduino15/packages/zephyr/tools/arm-zephyr-eabi/1.0.1/bin/../lib/gcc/arm-zephyr-eabi/14.3.0/../../../../arm-zephyr-eabi/lib/thumb/v8-m.main+fp/hard/libstdc++.a(bad_alloc.o)
                0x00005df8                std::bad_alloc::~bad_alloc()
                0x00005df8                std::bad_alloc::~bad_alloc()
 .text._ZNSt9bad_allocD0Ev
                0x00005e0c       0x14 /home/arduino/.arduino15/packages/zephyr/tools/arm-zephyr-eabi/1.0.1/bin/../lib/gcc/arm-zephyr-eabi/14.3.0/../../../../arm-zephyr-eabi/lib/thumb/v8-m.main+fp/hard/libstdc++.a(bad_alloc.o)
                0x00005e0c                std::bad_alloc::~bad_alloc()
 .text._ZNSt9exceptionD2Ev
                0x00005e20        0x2 /home/arduino/.arduino15/packages/zephyr/tools/arm-zephyr-eabi/1.0.1/bin/../lib/gcc/arm-zephyr-eabi/14.3.0/../../../../arm-zephyr-eabi/lib/thumb/v8-m.main+fp/hard/libstdc++.a(eh_exception.o)
                0x00005e20                std::exception::~exception()
                0x00005e20                std::exception::~exception()
 *fill*         0x00005e22        0x2 
 .text._ZN10__cxxabiv120__si_class_type_infoD2Ev
                0x00005e24       0x14 /home/arduino/.arduino15/packages/zephyr/tools/arm-zephyr-eabi/1.0.1/bin/../lib/gcc/arm-zephyr-eabi/14.3.0/../../../../arm-zephyr-eabi/lib/thumb/v8-m.main+fp/hard/libstdc++.a(si_class_type_info.o)
                0x00005e24                __cxxabiv1::__si_class_type_info::~__si_class_type_info()
                0x00005e24                __cxxabiv1::__si_class_type_info::~__si_class_type_info()
 .text._ZN10__cxxabiv120__si_class_type_infoD0Ev
                0x00005e38       0x14 /home/arduino/.arduino15/packages/zephyr/tools/arm-zephyr-eabi/1.0.1/bin/../lib/gcc/arm-zephyr-eabi/14.3.0/../../../../arm-zephyr-eabi/lib/thumb/v8-m.main+fp/hard/libstdc++.a(si_class_type_info.o)
                0x00005e38                __cxxabiv1::__si_class_type_info::~__si_class_type_info()
 .text._ZNK10__cxxabiv120__si_class_type_info20__do_find_public_srcEiPKvPKNS_17__class_type_infoES2_
                0x00005e4c       0x3c /home/arduino/.arduino15/packages/zephyr/tools/arm-zephyr-eabi/1.0.1/bin/../lib/gcc/arm-zephyr-eabi/14.3.0/../../../../arm-zephyr-eabi/lib/thumb/v8-m.main+fp/hard/libstdc++.a(si_class_type_info.o)
                0x00005e4c                __cxxabiv1::__si_class_type_info::__do_find_public_src(int, void const*, __cxxabiv1::__class_type_info const*, void const*) const
 .text._ZNK10__cxxabiv120__si_class_type_info12__do_dyncastEiNS_17__class_type_info10__sub_kindEPKS1_PKvS4_S6_RNS1_16__dyncast_resultE
                0x00005e88       0x74 /home/arduino/.arduino15/packages/zephyr/tools/arm-zephyr-eabi/1.0.1/bin/../lib/gcc/arm-zephyr-eabi/14.3.0/../../../../arm-zephyr-eabi/lib/thumb/v8-m.main+fp/hard/libstdc++.a(si_class_type_info.o)
                0x00005e88                __cxxabiv1::__si_class_type_info::__do_dyncast(int, __cxxabiv1::__class_type_info::__sub_kind, __cxxabiv1::__class_type_info const*, void const*, __cxxabiv1::__class_type_info const*, void const*, __cxxabiv1::__class_type_info::__dyncast_result&) const
 .text._ZNK10__cxxabiv120__si_class_type_info11__do_upcastEPKNS_17__class_type_infoEPKvRNS1_15__upcast_resultE
                0x00005efc       0x2a /home/arduino/.arduino15/packages/zephyr/tools/arm-zephyr-eabi/1.0.1/bin/../lib/gcc/arm-zephyr-eabi/14.3.0/../../../../arm-zephyr-eabi/lib/thumb/v8-m.main+fp/hard/libstdc++.a(si_class_type_info.o)
                0x00005efc                __cxxabiv1::__si_class_type_info::__do_upcast(__cxxabiv1::__class_type_info const*, void const*, __cxxabiv1::__class_type_info::__upcast_result&) const
 .text._ZNSt9type_infoD2Ev
                0x00005f26        0x2 /home/arduino/.arduino15/packages/zephyr/tools/arm-zephyr-eabi/1.0.1/bin/../lib/gcc/arm-zephyr-eabi/14.3.0/../../../../arm-zephyr-eabi/lib/thumb/v8-m.main+fp/hard/libstdc++.a(tinfo.o)
                0x00005f26                std::type_info::~type_info()
                0x00005f26                std::type_info::~type_info()
 .text._ZNKSt9type_info14__is_pointer_pEv
                0x00005f28        0x4 /home/arduino/.arduino15/packages/zephyr/tools/arm-zephyr-eabi/1.0.1/bin/../lib/gcc/arm-zephyr-eabi/14.3.0/../../../../arm-zephyr-eabi/lib/thumb/v8-m.main+fp/hard/libstdc++.a(tinfo.o)
                0x00005f28                std::type_info::__is_function_p() const
                0x00005f28                std::type_info::__is_pointer_p() const
 .text._ZNKSt9type_infoeqERKS_
                0x00005f2c       0x2c /home/arduino/.arduino15/packages/zephyr/tools/arm-zephyr-eabi/1.0.1/bin/../lib/gcc/arm-zephyr-eabi/14.3.0/../../../../arm-zephyr-eabi/lib/thumb/v8-m.main+fp/hard/libstdc++.a(tinfo.o)
                0x00005f2c                std::type_info::__equal(std::type_info const&) const
                0x00005f2c                std::type_info::operator==(std::type_info const&) const
 .text._ZNKSt11logic_error4whatEv
                0x00005f58        0x4 /home/arduino/.arduino15/packages/zephyr/tools/arm-zephyr-eabi/1.0.1/bin/../lib/gcc/arm-zephyr-eabi/14.3.0/../../../../arm-zephyr-eabi/lib/thumb/v8-m.main+fp/hard/libstdc++.a(stdexcept.o)
                0x00005f58                std::runtime_error::what() const
                0x00005f58                std::logic_error::what() const
 .text._ZNSt11logic_errorD2Ev
                0x00005f5c       0x24 /home/arduino/.arduino15/packages/zephyr/tools/arm-zephyr-eabi/1.0.1/bin/../lib/gcc/arm-zephyr-eabi/14.3.0/../../../../arm-zephyr-eabi/lib/thumb/v8-m.main+fp/hard/libstdc++.a(stdexcept.o)
                0x00005f5c                std::logic_error::~logic_error()
                0x00005f5c                std::logic_error::~logic_error()
 .text._ZNSt11logic_errorD0Ev
                0x00005f80       0x12 /home/arduino/.arduino15/packages/zephyr/tools/arm-zephyr-eabi/1.0.1/bin/../lib/gcc/arm-zephyr-eabi/14.3.0/../../../../arm-zephyr-eabi/lib/thumb/v8-m.main+fp/hard/libstdc++.a(stdexcept.o)
                0x00005f80                std::logic_error::~logic_error()
 *fill*         0x00005f92        0x2 
 .text._ZNSt12length_errorD2Ev
                0x00005f94       0x14 /home/arduino/.arduino15/packages/zephyr/tools/arm-zephyr-eabi/1.0.1/bin/../lib/gcc/arm-zephyr-eabi/14.3.0/../../../../arm-zephyr-eabi/lib/thumb/v8-m.main+fp/hard/libstdc++.a(stdexcept.o)
                0x00005f94                std::length_error::~length_error()
                0x00005f94                std::length_error::~length_error()
 .text._ZNSt12length_errorD0Ev
                0x00005fa8       0x12 /home/arduino/.arduino15/packages/zephyr/tools/arm-zephyr-eabi/1.0.1/bin/../lib/gcc/arm-zephyr-eabi/14.3.0/../../../../arm-zephyr-eabi/lib/thumb/v8-m.main+fp/hard/libstdc++.a(stdexcept.o)
                0x00005fa8                std::length_error::~length_error()
 *fill*         0x00005fba        0x2 
 .text._ZNSs12_S_constructIPKcEEPcT_S3_RKSaIcESt20forward_iterator_tag.isra.0
                0x00005fbc       0x4c /home/arduino/.arduino15/packages/zephyr/tools/arm-zephyr-eabi/1.0.1/bin/../lib/gcc/arm-zephyr-eabi/14.3.0/../../../../arm-zephyr-eabi/lib/thumb/v8-m.main+fp/hard/libstdc++.a(cow-stdexcept.o)
 .text._ZNSsC2EPKcRKSaIcE.isra.0
                0x00006008       0x24 /home/arduino/.arduino15/packages/zephyr/tools/arm-zephyr-eabi/1.0.1/bin/../lib/gcc/arm-zephyr-eabi/14.3.0/../../../../arm-zephyr-eabi/lib/thumb/v8-m.main+fp/hard/libstdc++.a(cow-stdexcept.o)
 .text._ZNSt11logic_errorC2EPKc
                0x0000602c       0x28 /home/arduino/.arduino15/packages/zephyr/tools/arm-zephyr-eabi/1.0.1/bin/../lib/gcc/arm-zephyr-eabi/14.3.0/../../../../arm-zephyr-eabi/lib/thumb/v8-m.main+fp/hard/libstdc++.a(cow-stdexcept.o)
                0x0000602c                std::logic_error::logic_error(char const*)
                0x0000602c                std::logic_error::logic_error(char const*)
 .text._ZNSt12length_errorC2EPKc
                0x00006054       0x14 /home/arduino/.arduino15/packages/zephyr/tools/arm-zephyr-eabi/1.0.1/bin/../lib/gcc/arm-zephyr-eabi/14.3.0/../../../../arm-zephyr-eabi/lib/thumb/v8-m.main+fp/hard/libstdc++.a(cow-stdexcept.o)
                0x00006054                std::length_error::length_error(char const*)
                0x00006054                std::length_error::length_error(char const*)
 .text._ZNSt12__cow_stringC2EPKcj
                0x00006068       0x18 /home/arduino/.arduino15/packages/zephyr/tools/arm-zephyr-eabi/1.0.1/bin/../lib/gcc/arm-zephyr-eabi/14.3.0/../../../../arm-zephyr-eabi/lib/thumb/v8-m.main+fp/hard/libstdc++.a(cow-stdexcept.o)
                0x00006068                std::__cow_string::__cow_string(char const*, unsigned int)
                0x00006068                std::__cow_string::__cow_string(char const*, unsigned int)
 .text._ZNSs7_M_copyEPcPKcj
                0x00006080       0x18 /home/arduino/.arduino15/packages/zephyr/tools/arm-zephyr-eabi/1.0.1/bin/../lib/gcc/arm-zephyr-eabi/14.3.0/../../../../arm-zephyr-eabi/lib/thumb/v8-m.main+fp/hard/libstdc++.a(cow-string-inst.o)
                0x00006080                std::string::_M_copy(char*, char const*, unsigned int)
 .text._ZNSs13_S_copy_charsEPcPKcS1_
                0x00006098        0xa /home/arduino/.arduino15/packages/zephyr/tools/arm-zephyr-eabi/1.0.1/bin/../lib/gcc/arm-zephyr-eabi/14.3.0/../../../../arm-zephyr-eabi/lib/thumb/v8-m.main+fp/hard/libstdc++.a(cow-string-inst.o)
                0x00006098                std::string::_S_copy_chars(char*, char const*, char const*)
 *fill*         0x000060a2        0x2 
 .text._ZNSs4_Rep26_M_set_length_and_sharableEj
                0x000060a4       0x18 /home/arduino/.arduino15/packages/zephyr/tools/arm-zephyr-eabi/1.0.1/bin/../lib/gcc/arm-zephyr-eabi/14.3.0/../../../../arm-zephyr-eabi/lib/thumb/v8-m.main+fp/hard/libstdc++.a(cow-string-inst.o)
                0x000060a4                std::string::_Rep::_M_set_length_and_sharable(unsigned int)
 .text._ZNSs4_Rep9_S_createEjjRKSaIcE
                0x000060bc       0x60 /home/arduino/.arduino15/packages/zephyr/tools/arm-zephyr-eabi/1.0.1/bin/../lib/gcc/arm-zephyr-eabi/14.3.0/../../../../arm-zephyr-eabi/lib/thumb/v8-m.main+fp/hard/libstdc++.a(cow-string-inst.o)
                0x000060bc                std::string::_Rep::_S_create(unsigned int, unsigned int, std::allocator<char> const&)
 .text._ZNSs4_Rep10_M_destroyERKSaIcE
                0x0000611c        0x4 /home/arduino/.arduino15/packages/zephyr/tools/arm-zephyr-eabi/1.0.1/bin/../lib/gcc/arm-zephyr-eabi/14.3.0/../../../../arm-zephyr-eabi/lib/thumb/v8-m.main+fp/hard/libstdc++.a(cow-string-inst.o)
                0x0000611c                std::string::_Rep::_M_destroy(std::allocator<char> const&)
 .text._ZNSs4_Rep10_M_disposeERKSaIcE
                0x00006120       0x1c /home/arduino/.arduino15/packages/zephyr/tools/arm-zephyr-eabi/1.0.1/bin/../lib/gcc/arm-zephyr-eabi/14.3.0/../../../../arm-zephyr-eabi/lib/thumb/v8-m.main+fp/hard/libstdc++.a(cow-string-inst.o)
                0x00006120                std::string::_Rep::_M_dispose(std::allocator<char> const&)
 .text._ZNSt11char_traitsIcE4copyEPcPKcj.isra.0
                0x0000613c        0x8 /home/arduino/.arduino15/packages/zephyr/tools/arm-zephyr-eabi/1.0.1/bin/../lib/gcc/arm-zephyr-eabi/14.3.0/../../../../arm-zephyr-eabi/lib/thumb/v8-m.main+fp/hard/libstdc++.a(string-inst.o)
 .text._ZNSt7__cxx1112basic_stringIcSt11char_traitsIcESaIcEE11_S_allocateERS3_j
                0x00006144       0x12 /home/arduino/.arduino15/packages/zephyr/tools/arm-zephyr-eabi/1.0.1/bin/../lib/gcc/arm-zephyr-eabi/14.3.0/../../../../arm-zephyr-eabi/lib/thumb/v8-m.main+fp/hard/libstdc++.a(string-inst.o)
                0x00006144                std::__cxx11::basic_string<char, std::char_traits<char>, std::allocator<char> >::_S_allocate(std::allocator<char>&, unsigned int)
 .text._ZNKSt7__cxx1112basic_stringIcSt11char_traitsIcESaIcEE11_M_is_localEv
                0x00006156        0xc /home/arduino/.arduino15/packages/zephyr/tools/arm-zephyr-eabi/1.0.1/bin/../lib/gcc/arm-zephyr-eabi/14.3.0/../../../../arm-zephyr-eabi/lib/thumb/v8-m.main+fp/hard/libstdc++.a(string-inst.o)
                0x00006156                std::__cxx11::basic_string<char, std::char_traits<char>, std::allocator<char> >::_M_is_local() const
 *fill*         0x00006162        0x2 
 .text._ZNSt7__cxx1112basic_stringIcSt11char_traitsIcESaIcEE9_M_createERjj
                0x00006164       0x3c /home/arduino/.arduino15/packages/zephyr/tools/arm-zephyr-eabi/1.0.1/bin/../lib/gcc/arm-zephyr-eabi/14.3.0/../../../../arm-zephyr-eabi/lib/thumb/v8-m.main+fp/hard/libstdc++.a(string-inst.o)
                0x00006164                std::__cxx11::basic_string<char, std::char_traits<char>, std::allocator<char> >::_M_create(unsigned int&, unsigned int)
 .text._ZNSt7__cxx1112basic_stringIcSt11char_traitsIcESaIcEE10_M_disposeEv
                0x000061a0       0x16 /home/arduino/.arduino15/packages/zephyr/tools/arm-zephyr-eabi/1.0.1/bin/../lib/gcc/arm-zephyr-eabi/14.3.0/../../../../arm-zephyr-eabi/lib/thumb/v8-m.main+fp/hard/libstdc++.a(string-inst.o)
                0x000061a0                std::__cxx11::basic_string<char, std::char_traits<char>, std::allocator<char> >::_M_dispose()
 .text._ZNSt7__cxx1112basic_stringIcSt11char_traitsIcESaIcEE7_S_copyEPcPKcj
                0x000061b6       0x18 /home/arduino/.arduino15/packages/zephyr/tools/arm-zephyr-eabi/1.0.1/bin/../lib/gcc/arm-zephyr-eabi/14.3.0/../../../../arm-zephyr-eabi/lib/thumb/v8-m.main+fp/hard/libstdc++.a(string-inst.o)
                0x000061b6                std::__cxx11::basic_string<char, std::char_traits<char>, std::allocator<char> >::_S_copy(char*, char const*, unsigned int)
 .text._ZNKSt7__cxx1112basic_stringIcSt11char_traitsIcESaIcEE8capacityEv
                0x000061ce       0x12 /home/arduino/.arduino15/packages/zephyr/tools/arm-zephyr-eabi/1.0.1/bin/../lib/gcc/arm-zephyr-eabi/14.3.0/../../../../arm-zephyr-eabi/lib/thumb/v8-m.main+fp/hard/libstdc++.a(string-inst.o)
                0x000061ce                std::__cxx11::basic_string<char, std::char_traits<char>, std::allocator<char> >::capacity() const
 .text._ZNSt7__cxx1112basic_stringIcSt11char_traitsIcESaIcEE7reserveEj
                0x000061e0       0x36 /home/arduino/.arduino15/packages/zephyr/tools/arm-zephyr-eabi/1.0.1/bin/../lib/gcc/arm-zephyr-eabi/14.3.0/../../../../arm-zephyr-eabi/lib/thumb/v8-m.main+fp/hard/libstdc++.a(string-inst.o)
                0x000061e0                std::__cxx11::basic_string<char, std::char_traits<char>, std::allocator<char> >::reserve(unsigned int)
 *fill*         0x00006216        0x2 
 .text._ZNK12_GLOBAL__N_122generic_error_category4nameEv
                0x00006218        0x8 /home/arduino/.arduino15/packages/zephyr/tools/arm-zephyr-eabi/1.0.1/bin/../lib/gcc/arm-zephyr-eabi/14.3.0/../../../../arm-zephyr-eabi/lib/thumb/v8-m.main+fp/hard/libstdc++.a(system_error.o)
 .text._ZNK12_GLOBAL__N_122generic_error_category10equivalentEiRKSt15error_condition
                0x00006220       0x14 /home/arduino/.arduino15/packages/zephyr/tools/arm-zephyr-eabi/1.0.1/bin/../lib/gcc/arm-zephyr-eabi/14.3.0/../../../../arm-zephyr-eabi/lib/thumb/v8-m.main+fp/hard/libstdc++.a(system_error.o)
 .text._ZN12_GLOBAL__N_122generic_error_categoryD2Ev
                0x00006234        0x2 /home/arduino/.arduino15/packages/zephyr/tools/arm-zephyr-eabi/1.0.1/bin/../lib/gcc/arm-zephyr-eabi/14.3.0/../../../../arm-zephyr-eabi/lib/thumb/v8-m.main+fp/hard/libstdc++.a(system_error.o)
 *fill*         0x00006236        0x2 
 .text._ZNK12_GLOBAL__N_121system_error_category4nameEv
                0x00006238        0x8 /home/arduino/.arduino15/packages/zephyr/tools/arm-zephyr-eabi/1.0.1/bin/../lib/gcc/arm-zephyr-eabi/14.3.0/../../../../arm-zephyr-eabi/lib/thumb/v8-m.main+fp/hard/libstdc++.a(system_error.o)
 .text._ZNK12_GLOBAL__N_121system_error_category23default_error_conditionEi
                0x00006240       0x64 /home/arduino/.arduino15/packages/zephyr/tools/arm-zephyr-eabi/1.0.1/bin/../lib/gcc/arm-zephyr-eabi/14.3.0/../../../../arm-zephyr-eabi/lib/thumb/v8-m.main+fp/hard/libstdc++.a(system_error.o)
 .text._ZN12_GLOBAL__N_121system_error_categoryD2Ev
                0x000062a4        0x2 /home/arduino/.arduino15/packages/zephyr/tools/arm-zephyr-eabi/1.0.1/bin/../lib/gcc/arm-zephyr-eabi/14.3.0/../../../../arm-zephyr-eabi/lib/thumb/v8-m.main+fp/hard/libstdc++.a(system_error.o)
 .text._ZNKSt3_V214error_category23default_error_conditionEi
                0x000062a6        0x6 /home/arduino/.arduino15/packages/zephyr/tools/arm-zephyr-eabi/1.0.1/bin/../lib/gcc/arm-zephyr-eabi/14.3.0/../../../../arm-zephyr-eabi/lib/thumb/v8-m.main+fp/hard/libstdc++.a(system_error.o)
                0x000062a6                std::_V2::error_category::default_error_condition(int) const
 .text._ZNKSt3_V214error_category10equivalentERKSt10error_codei
                0x000062ac       0x14 /home/arduino/.arduino15/packages/zephyr/tools/arm-zephyr-eabi/1.0.1/bin/../lib/gcc/arm-zephyr-eabi/14.3.0/../../../../arm-zephyr-eabi/lib/thumb/v8-m.main+fp/hard/libstdc++.a(system_error.o)
                0x000062ac                std::_V2::error_category::equivalent(std::error_code const&, int) const
 .text._ZN12_GLOBAL__N_113constant_initINS_22generic_error_categoryEED2Ev
                0x000062c0        0x2 /home/arduino/.arduino15/packages/zephyr/tools/arm-zephyr-eabi/1.0.1/bin/../lib/gcc/arm-zephyr-eabi/14.3.0/../../../../arm-zephyr-eabi/lib/thumb/v8-m.main+fp/hard/libstdc++.a(system_error.o)
 .text._ZN12_GLOBAL__N_113constant_initINS_21system_error_categoryEED2Ev
                0x000062c2        0x2 /home/arduino/.arduino15/packages/zephyr/tools/arm-zephyr-eabi/1.0.1/bin/../lib/gcc/arm-zephyr-eabi/14.3.0/../../../../arm-zephyr-eabi/lib/thumb/v8-m.main+fp/hard/libstdc++.a(system_error.o)
 .text._ZN12_GLOBAL__N_122generic_error_categoryD0Ev
                0x000062c4        0xc /home/arduino/.arduino15/packages/zephyr/tools/arm-zephyr-eabi/1.0.1/bin/../lib/gcc/arm-zephyr-eabi/14.3.0/../../../../arm-zephyr-eabi/lib/thumb/v8-m.main+fp/hard/libstdc++.a(system_error.o)
 .text._ZN12_GLOBAL__N_121system_error_categoryD0Ev
                0x000062d0        0xc /home/arduino/.arduino15/packages/zephyr/tools/arm-zephyr-eabi/1.0.1/bin/../lib/gcc/arm-zephyr-eabi/14.3.0/../../../../arm-zephyr-eabi/lib/thumb/v8-m.main+fp/hard/libstdc++.a(system_error.o)
 .text._ZNKSt3_V214error_category10_M_messageB5cxx11Ei
                0x000062dc       0x30 /home/arduino/.arduino15/packages/zephyr/tools/arm-zephyr-eabi/1.0.1/bin/../lib/gcc/arm-zephyr-eabi/14.3.0/../../../../arm-zephyr-eabi/lib/thumb/v8-m.main+fp/hard/libstdc++.a(system_error.o)
                0x000062dc                std::_V2::error_category::_M_message[abi:cxx11](int) const
 .text._ZNK12_GLOBAL__N_121system_error_category10equivalentEiRKSt15error_condition
                0x0000630c       0x28 /home/arduino/.arduino15/packages/zephyr/tools/arm-zephyr-eabi/1.0.1/bin/../lib/gcc/arm-zephyr-eabi/14.3.0/../../../../arm-zephyr-eabi/lib/thumb/v8-m.main+fp/hard/libstdc++.a(system_error.o)
 .text._ZNK12_GLOBAL__N_122generic_error_category7messageB5cxx11Ei
                0x00006334       0xc0 /home/arduino/.arduino15/packages/zephyr/tools/arm-zephyr-eabi/1.0.1/bin/../lib/gcc/arm-zephyr-eabi/14.3.0/../../../../arm-zephyr-eabi/lib/thumb/v8-m.main+fp/hard/libstdc++.a(system_error.o)
 .text.startup._GLOBAL__sub_I__ZSt20__throw_system_errori
                0x000063f4       0x30 /home/arduino/.arduino15/packages/zephyr/tools/arm-zephyr-eabi/1.0.1/bin/../lib/gcc/arm-zephyr-eabi/14.3.0/../../../../arm-zephyr-eabi/lib/thumb/v8-m.main+fp/hard/libstdc++.a(system_error.o)
 .text.__aeabi_atexit
                0x00006424        0xa /home/arduino/.arduino15/packages/zephyr/tools/arm-zephyr-eabi/1.0.1/bin/../lib/gcc/arm-zephyr-eabi/14.3.0/../../../../arm-zephyr-eabi/lib/thumb/v8-m.main+fp/hard/libstdc++.a(atexit_arm.o)
                0x00006424                __aeabi_atexit
 .text._ZNK10__cxxabiv117__class_type_info11__do_upcastEPKS0_PPv
                0x0000642e       0x32 /home/arduino/.arduino15/packages/zephyr/tools/arm-zephyr-eabi/1.0.1/bin/../lib/gcc/arm-zephyr-eabi/14.3.0/../../../../arm-zephyr-eabi/lib/thumb/v8-m.main+fp/hard/libstdc++.a(class_type_info.o)
                0x0000642e                __cxxabiv1::__class_type_info::__do_upcast(__cxxabiv1::__class_type_info const*, void**) const
 .text._ZNK10__cxxabiv117__class_type_info20__do_find_public_srcEiPKvPKS0_S2_
                0x00006460        0xc /home/arduino/.arduino15/packages/zephyr/tools/arm-zephyr-eabi/1.0.1/bin/../lib/gcc/arm-zephyr-eabi/14.3.0/../../../../arm-zephyr-eabi/lib/thumb/v8-m.main+fp/hard/libstdc++.a(class_type_info.o)
                0x00006460                __cxxabiv1::__class_type_info::__do_find_public_src(int, void const*, __cxxabiv1::__class_type_info const*, void const*) const
 .text._ZN10__cxxabiv117__class_type_infoD2Ev
                0x0000646c       0x14 /home/arduino/.arduino15/packages/zephyr/tools/arm-zephyr-eabi/1.0.1/bin/../lib/gcc/arm-zephyr-eabi/14.3.0/../../../../arm-zephyr-eabi/lib/thumb/v8-m.main+fp/hard/libstdc++.a(class_type_info.o)
                0x0000646c                __cxxabiv1::__class_type_info::~__class_type_info()
                0x0000646c                __cxxabiv1::__class_type_info::~__class_type_info()
 .text._ZN10__cxxabiv117__class_type_infoD0Ev
                0x00006480       0x14 /home/arduino/.arduino15/packages/zephyr/tools/arm-zephyr-eabi/1.0.1/bin/../lib/gcc/arm-zephyr-eabi/14.3.0/../../../../arm-zephyr-eabi/lib/thumb/v8-m.main+fp/hard/libstdc++.a(class_type_info.o)
                0x00006480                __cxxabiv1::__class_type_info::~__class_type_info()
 .text._ZNK10__cxxabiv117__class_type_info12__do_dyncastEiNS0_10__sub_kindEPKS0_PKvS3_S5_RNS0_16__dyncast_resultE
                0x00006494       0x3e /home/arduino/.arduino15/packages/zephyr/tools/arm-zephyr-eabi/1.0.1/bin/../lib/gcc/arm-zephyr-eabi/14.3.0/../../../../arm-zephyr-eabi/lib/thumb/v8-m.main+fp/hard/libstdc++.a(class_type_info.o)
                0x00006494                __cxxabiv1::__class_type_info::__do_dyncast(int, __cxxabiv1::__class_type_info::__sub_kind, __cxxabiv1::__class_type_info const*, void const*, __cxxabiv1::__class_type_info const*, void const*, __cxxabiv1::__class_type_info::__dyncast_result&) const
 .text._ZNK10__cxxabiv117__class_type_info11__do_upcastEPKS0_PKvRNS0_15__upcast_resultE
                0x000064d2       0x18 /home/arduino/.arduino15/packages/zephyr/tools/arm-zephyr-eabi/1.0.1/bin/../lib/gcc/arm-zephyr-eabi/14.3.0/../../../../arm-zephyr-eabi/lib/thumb/v8-m.main+fp/hard/libstdc++.a(class_type_info.o)
                0x000064d2                __cxxabiv1::__class_type_info::__do_upcast(__cxxabiv1::__class_type_info const*, void const*, __cxxabiv1::__class_type_info::__upcast_result&) const
 .text._ZNK10__cxxabiv117__class_type_info10__do_catchEPKSt9type_infoPPvj
                0x000064ea       0x2a /home/arduino/.arduino15/packages/zephyr/tools/arm-zephyr-eabi/1.0.1/bin/../lib/gcc/arm-zephyr-eabi/14.3.0/../../../../arm-zephyr-eabi/lib/thumb/v8-m.main+fp/hard/libstdc++.a(class_type_info.o)
                0x000064ea                __cxxabiv1::__class_type_info::__do_catch(std::type_info const*, void**, unsigned int) const
 *(.text.*)
 *(.text._*)
 *(.init)
 *(.ctors)
 *(.dtors)
 *(.fini)

.static_thread_data_area
                0x00006514        0x0
                0x00006514                        __static_thread_data_list_start = .
 *(.static_thread_data_area SORT_BY_NAME(.__static_thread_data.*))
                0x00006514                        __static_thread_data_list_end = .

.data           0x00006514        0xc
 *(.data .data.*)
 .data.__dso_handle
                0x00006514        0x4 /home/arduino/ArduinoApps/sensor-integration/.cache/sketch/core/core.a(abi.cpp.o)
                0x00006514                __dso_handle
 .data._ZN12_GLOBAL__N_124system_category_instanceE
                0x00006518        0x4 /home/arduino/.arduino15/packages/zephyr/tools/arm-zephyr-eabi/1.0.1/bin/../lib/gcc/arm-zephyr-eabi/14.3.0/../../../../arm-zephyr-eabi/lib/thumb/v8-m.main+fp/hard/libstdc++.a(system_error.o)
 .data._ZN12_GLOBAL__N_125generic_category_instanceE
                0x0000651c        0x4 /home/arduino/.arduino15/packages/zephyr/tools/arm-zephyr-eabi/1.0.1/bin/../lib/gcc/arm-zephyr-eabi/14.3.0/../../../../arm-zephyr-eabi/lib/thumb/v8-m.main+fp/hard/libstdc++.a(system_error.o)

.bss            0x00006520     0x1e2c
 *(.bss .bss.* COMMON)
 .bss._ZGVN12RouterBridge3HCIE
                0x00006520        0x4 /home/arduino/ArduinoApps/sensor-integration/.cache/sketch/sketch/sketch.ino.cpp.o
                0x00006520                guard variable for RouterBridge::HCI
 .bss._ZGVZN7arduino7msgpack8Unpacker10from_arrayIJRiRNS_6StringEEEEbDpOT_E2sz
                0x00006524        0x4 /home/arduino/ArduinoApps/sensor-integration/.cache/sketch/sketch/sketch.ino.cpp.o
                0x00006524                guard variable for arduino::msgpack::Unpacker::from_array<int&, arduino::String&>(int&, arduino::String&)::sz
 .bss._ZZN7arduino7msgpack8Unpacker10from_arrayIJRiRNS_6StringEEEEbDpOT_E2sz
                0x00006528        0x4 /home/arduino/ArduinoApps/sensor-integration/.cache/sketch/sketch/sketch.ino.cpp.o
                0x00006528                arduino::msgpack::Unpacker::from_array<int&, arduino::String&>(int&, arduino::String&)::sz
 .bss.expectedLen
                0x0000652c        0x4 /home/arduino/ArduinoApps/sensor-integration/.cache/sketch/sketch/sketch.ino.cpp.o
                0x0000652c                expectedLen
 .bss.receiving
                0x00006530        0x1 /home/arduino/ArduinoApps/sensor-integration/.cache/sketch/sketch/sketch.ino.cpp.o
                0x00006530                receiving
 *fill*         0x00006531        0x3 
 .bss.frameIdx  0x00006534        0x4 /home/arduino/ArduinoApps/sensor-integration/.cache/sketch/sketch/sketch.ino.cpp.o
                0x00006534                frameIdx
 .bss.frameBuf  0x00006538       0x80 /home/arduino/ArduinoApps/sensor-integration/.cache/sketch/sketch/sketch.ino.cpp.o
                0x00006538                frameBuf
 .bss._ZN12RouterBridge3HCIE
                0x000065b8       0x28 /home/arduino/ArduinoApps/sensor-integration/.cache/sketch/sketch/sketch.ino.cpp.o
                0x000065b8                RouterBridge::HCI
 .bss._ZGVZN17RpcDecoderManager11getInstanceEvE8instance
                0x000065e0        0x4 /home/arduino/ArduinoApps/sensor-integration/.cache/sketch/sketch/sketch.ino.cpp.o
                0x000065e0                guard variable for RpcDecoderManager::getInstance()::instance
 .bss._ZZN17RpcDecoderManager11getInstanceEvE8instance
                0x000065e4       0x1c /home/arduino/ArduinoApps/sensor-integration/.cache/sketch/sketch/sketch.ino.cpp.o
                0x000065e4                RpcDecoderManager::getInstance()::instance
 .bss._ZZN8RpcUtils6detail12unpackObjectERN7arduino7msgpack8UnpackerEE1t
                0x00006600       0x10 /home/arduino/ArduinoApps/sensor-integration/.cache/sketch/sketch/sketch.ino.cpp.o
                0x00006600                RpcUtils::detail::unpackObject(arduino::msgpack::Unpacker&)::t
 .bss._ZGVZN8RpcUtils6detail12unpackObjectERN7arduino7msgpack8UnpackerEE1e
                0x00006610        0x4 /home/arduino/ArduinoApps/sensor-integration/.cache/sketch/sketch/sketch.ino.cpp.o
                0x00006610                guard variable for RpcUtils::detail::unpackObject(arduino::msgpack::Unpacker&)::e
 .bss._ZZN8RpcUtils6detail12unpackObjectERN7arduino7msgpack8UnpackerEE1e
                0x00006614        0xc /home/arduino/ArduinoApps/sensor-integration/.cache/sketch/sketch/sketch.ino.cpp.o
                0x00006614                RpcUtils::detail::unpackObject(arduino::msgpack::Unpacker&)::e
 .bss._ZZN8RpcUtils6detail12unpackObjectERN7arduino7msgpack8UnpackerEE6map_sz
                0x00006620        0x4 /home/arduino/ArduinoApps/sensor-integration/.cache/sketch/sketch/sketch.ino.cpp.o
                0x00006620                RpcUtils::detail::unpackObject(arduino::msgpack::Unpacker&)::map_sz
 .bss._ZZN8RpcUtils6detail12unpackObjectERN7arduino7msgpack8UnpackerEE6arr_sz
                0x00006624        0x4 /home/arduino/ArduinoApps/sensor-integration/.cache/sketch/sketch/sketch.ino.cpp.o
                0x00006624                RpcUtils::detail::unpackObject(arduino::msgpack::Unpacker&)::arr_sz
 .bss._ZGVZN8RpcUtils6detail12unpackObjectERN7arduino7msgpack8UnpackerEE5bytes
                0x00006628        0x4 /home/arduino/ArduinoApps/sensor-integration/.cache/sketch/sketch/sketch.ino.cpp.o